Component: ARM Compiler 5.06 update 5 (build 528) Tool: armlink [4d35e2]

==============================================================================

Section Cross References

    main.o(i.USART2_IRQHandler) refers to stm32f4xx_usart.o(i.USART_GetITStatus) for USART_GetITStatus
    main.o(i.USART2_IRQHandler) refers to stm32f4xx_usart.o(i.USART_ReceiveData) for USART_ReceiveData
    main.o(i.USART2_IRQHandler) refers to stm32f4xx_usart.o(i.USART_ClearITPendingBit) for USART_ClearITPendingBit
    main.o(i.USART2_IRQHandler) refers to main.o(.data) for d
    main.o(i.main) refers to ursat.o(i.urast1_init) for urast1_init
    main.o(i.main) refers to motor.o(i.TIM_Config) for TIM_Config
    main.o(i.main) refers to hc05.o(i.urast2_init) for urast2_init
    main.o(i.main) refers to hc05.o(i.ble_config_set) for ble_config_set
    main.o(i.main) refers to hongwai.o(i.hongwai_Init) for hongwai_Init
    main.o(i.main) refers to encode.o(i.encoder_Init) for encoder_Init
    main.o(i.main) refers to pid.o(i.PID_param_init) for PID_param_init
    main.o(i.main) refers to motion.o(i.Motin_param_Init) for Motin_param_Init
    main.o(i.main) refers to encode.o(i.tim2_Init) for tim2_Init
    main.o(i.main) refers to delay.o(i.delay_ms) for delay_ms
    main.o(i.main) refers to ano.o(i.Test_Send_User) for Test_Send_User
    main.o(i.main) refers to hongwai.o(i.search) for search
    main.o(i.main) refers to motion.o(i.Motion_swith) for Motion_swith
    main.o(i.main) refers to motion.o(.data) for speed_L
    main.o(i.main) refers to pid.o(.bss) for pid_left
    main.o(i.main) refers to motion.o(.bss) for motion_sign
    ursat.o(i.USART1_IRQHandler) refers to stm32f4xx_usart.o(i.USART_GetITStatus) for USART_GetITStatus
    ursat.o(i.USART1_IRQHandler) refers to stm32f4xx_usart.o(i.USART_ReceiveData) for USART_ReceiveData
    ursat.o(i.USART1_IRQHandler) refers to stm32f4xx_usart.o(i.USART_SendData) for USART_SendData
    ursat.o(i.USART1_IRQHandler) refers to stm32f4xx_usart.o(i.USART_GetFlagStatus) for USART_GetFlagStatus
    ursat.o(i.USART1_IRQHandler) refers to stm32f4xx_usart.o(i.USART_ClearITPendingBit) for USART_ClearITPendingBit
    ursat.o(i.fputc) refers to stm32f4xx_usart.o(i.USART_SendData) for USART_SendData
    ursat.o(i.fputc) refers to stm32f4xx_usart.o(i.USART_GetFlagStatus) for USART_GetFlagStatus
    ursat.o(i.urast1_init) refers to stm32f4xx_rcc.o(i.RCC_AHB1PeriphClockCmd) for RCC_AHB1PeriphClockCmd
    ursat.o(i.urast1_init) refers to stm32f4xx_rcc.o(i.RCC_APB2PeriphClockCmd) for RCC_APB2PeriphClockCmd
    ursat.o(i.urast1_init) refers to stm32f4xx_gpio.o(i.GPIO_Init) for GPIO_Init
    ursat.o(i.urast1_init) refers to stm32f4xx_gpio.o(i.GPIO_PinAFConfig) for GPIO_PinAFConfig
    ursat.o(i.urast1_init) refers to stm32f4xx_usart.o(i.USART_Init) for USART_Init
    ursat.o(i.urast1_init) refers to stm32f4xx_usart.o(i.USART_ITConfig) for USART_ITConfig
    ursat.o(i.urast1_init) refers to misc.o(i.NVIC_Init) for NVIC_Init
    ursat.o(i.urast1_init) refers to stm32f4xx_usart.o(i.USART_Cmd) for USART_Cmd
    ultrasontic.o(i.get_distance) refers to stm32f4xx_gpio.o(i.GPIO_SetBits) for GPIO_SetBits
    ultrasontic.o(i.get_distance) refers to delay.o(i.delay_us) for delay_us
    ultrasontic.o(i.get_distance) refers to stm32f4xx_gpio.o(i.GPIO_ResetBits) for GPIO_ResetBits
    ultrasontic.o(i.get_distance) refers to stm32f4xx_gpio.o(i.GPIO_ReadInputDataBit) for GPIO_ReadInputDataBit
    ultrasontic.o(i.ultra_Init) refers to stm32f4xx_rcc.o(i.RCC_AHB1PeriphClockCmd) for RCC_AHB1PeriphClockCmd
    ultrasontic.o(i.ultra_Init) refers to stm32f4xx_gpio.o(i.GPIO_Init) for GPIO_Init
    ultrasontic.o(i.ultra_Init) refers to stm32f4xx_gpio.o(i.GPIO_ResetBits) for GPIO_ResetBits
    hc05.o(i.ble_config_set) refers to hc05.o(i.usart2_send) for usart2_send
    hc05.o(i.ble_config_set) refers to delay.o(i.delay_ms) for delay_ms
    hc05.o(i.urast2_init) refers to stm32f4xx_rcc.o(i.RCC_AHB1PeriphClockCmd) for RCC_AHB1PeriphClockCmd
    hc05.o(i.urast2_init) refers to stm32f4xx_rcc.o(i.RCC_APB1PeriphClockCmd) for RCC_APB1PeriphClockCmd
    hc05.o(i.urast2_init) refers to stm32f4xx_gpio.o(i.GPIO_Init) for GPIO_Init
    hc05.o(i.urast2_init) refers to stm32f4xx_gpio.o(i.GPIO_PinAFConfig) for GPIO_PinAFConfig
    hc05.o(i.urast2_init) refers to stm32f4xx_usart.o(i.USART_Init) for USART_Init
    hc05.o(i.urast2_init) refers to stm32f4xx_usart.o(i.USART_ITConfig) for USART_ITConfig
    hc05.o(i.urast2_init) refers to misc.o(i.NVIC_Init) for NVIC_Init
    hc05.o(i.urast2_init) refers to stm32f4xx_usart.o(i.USART_Cmd) for USART_Cmd
    hc05.o(i.usart2_send) refers to stm32f4xx_usart.o(i.USART_SendData) for USART_SendData
    hc05.o(i.usart2_send) refers to stm32f4xx_usart.o(i.USART_GetFlagStatus) for USART_GetFlagStatus
    hc05.o(i.usart2_send) refers to stm32f4xx_usart.o(i.USART_ClearFlag) for USART_ClearFlag
    motor.o(i.Left) refers to motor.o(i.SetMotorSpeed) for SetMotorSpeed
[...]
    Removing stm32f4xx_exti.o(.revsh_text), (4 bytes).
    Removing stm32f4xx_exti.o(.rrx_text), (6 bytes).
    Removing stm32f4xx_exti.o(i.EXTI_ClearFlag), (12 bytes).
    Removing stm32f4xx_exti.o(i.EXTI_ClearITPendingBit), (12 bytes).
    Removing stm32f4xx_exti.o(i.EXTI_DeInit), (36 bytes).
    Removing stm32f4xx_exti.o(i.EXTI_GenerateSWInterrupt), (16 bytes).
    Removing stm32f4xx_exti.o(i.EXTI_GetFlagStatus), (24 bytes).
    Removing stm32f4xx_exti.o(i.EXTI_GetITStatus), (24 bytes).
    Removing stm32f4xx_exti.o(i.EXTI_Init), (148 bytes).
    Removing stm32f4xx_exti.o(i.EXTI_StructInit), (16 bytes).
    Removing stm32f4xx_gpio.o(.rev16_text), (4 bytes).
    Removing stm32f4xx_gpio.o(.revsh_text), (4 bytes).
    Removing stm32f4xx_gpio.o(.rrx_text), (6 bytes).
    Removing stm32f4xx_gpio.o(i.GPIO_DeInit), (312 bytes).
    Removing stm32f4xx_gpio.o(i.GPIO_PinLockConfig), (34 bytes).
    Removing stm32f4xx_gpio.o(i.GPIO_ReadInputData), (8 bytes).
    Removing stm32f4xx_gpio.o(i.GPIO_ReadOutputData), (8 bytes).
    Removing stm32f4xx_gpio.o(i.GPIO_ReadOutputDataBit), (18 bytes).
    Removing stm32f4xx_gpio.o(i.GPIO_SetBits), (4 bytes).
    Removing stm32f4xx_gpio.o(i.GPIO_StructInit), (18 bytes).
    Removing stm32f4xx_gpio.o(i.GPIO_ToggleBits), (8 bytes).
    Removing stm32f4xx_gpio.o(i.GPIO_Write), (4 bytes).
    Removing stm32f4xx_gpio.o(i.GPIO_WriteBit), (10 bytes).
    Removing stm32f4xx_rcc.o(.rev16_text), (4 bytes).
    Removing stm32f4xx_rcc.o(.revsh_text), (4 bytes).
    Removing stm32f4xx_rcc.o(.rrx_text), (6 bytes).
    Removing stm32f4xx_rcc.o(i.RCC_AHB1PeriphClockLPModeCmd), (32 bytes).
    Removing stm32f4xx_rcc.o(i.RCC_AHB1PeriphResetCmd), (32 bytes).
    Removing stm32f4xx_rcc.o(i.RCC_AHB2PeriphClockCmd), (32 bytes).
    Removing stm32f4xx_rcc.o(i.RCC_AHB2PeriphClockLPModeCmd), (32 bytes).
    Removing stm32f4xx_rcc.o(i.RCC_AHB2PeriphResetCmd), (32 bytes).
    Removing stm32f4xx_rcc.o(i.RCC_AHB3PeriphClockCmd), (32 bytes).
    Removing stm32f4xx_rcc.o(i.RCC_AHB3PeriphClockLPModeCmd), (32 bytes).
    Removing stm32f4xx_rcc.o(i.RCC_AHB3PeriphResetCmd), (32 bytes).
    Removing stm32f4xx_rcc.o(i.RCC_APB1PeriphClockLPModeCmd), (32 bytes).
    Removing stm32f4xx_rcc.o(i.RCC_APB2PeriphClockLPModeCmd), (32 bytes).
    Removing stm32f4xx_rcc.o(i.RCC_AdjustHSICalibrationValue), (24 bytes).
    Removing stm32f4xx_rcc.o(i.RCC_BackupResetCmd), (12 bytes).
    Removing stm32f4xx_rcc.o(i.RCC_ClearFlag), (20 bytes).
    Removing stm32f4xx_rcc.o(i.RCC_ClearITPendingBit), (12 bytes).
    Removing stm32f4xx_rcc.o(i.RCC_ClockSecuritySystemCmd), (12 bytes).
    Removing stm32f4xx_rcc.o(i.RCC_DeInit), (100 bytes).
    Removing stm32f4xx_rcc.o(i.RCC_GetFlagStatus), (64 bytes).
    Removing stm32f4xx_rcc.o(i.RCC_GetITStatus), (24 bytes).
    Removing stm32f4xx_rcc.o(i.RCC_GetSYSCLKSource), (16 bytes).
    Removing stm32f4xx_rcc.o(i.RCC_HCLKConfig), (24 bytes).
    Removing stm32f4xx_rcc.o(i.RCC_HSEConfig), (16 bytes).
    Removing stm32f4xx_rcc.o(i.RCC_HSICmd), (12 bytes).
    Removing stm32f4xx_rcc.o(i.RCC_I2SCLKConfig), (12 bytes).
    Removing stm32f4xx_rcc.o(i.RCC_ITConfig), (32 bytes).
    Removing stm32f4xx_rcc.o(i.RCC_LSEConfig), (44 bytes).
    Removing stm32f4xx_rcc.o(i.RCC_LSICmd), (12 bytes).
    Removing stm32f4xx_rcc.o(i.RCC_LTDCCLKDivConfig), (24 bytes).
    Removing stm32f4xx_rcc.o(i.RCC_MCO1Config), (28 bytes).
    Removing stm32f4xx_rcc.o(i.RCC_MCO2Config), (28 bytes).
    Removing stm32f4xx_rcc.o(i.RCC_PCLK1Config), (24 bytes).
    Removing stm32f4xx_rcc.o(i.RCC_PCLK2Config), (24 bytes).
    Removing stm32f4xx_rcc.o(i.RCC_PLLCmd), (12 bytes).
    Removing stm32f4xx_rcc.o(i.RCC_PLLConfig), (36 bytes).
    Removing stm32f4xx_rcc.o(i.RCC_PLLI2SCmd), (12 bytes).
    Removing stm32f4xx_rcc.o(i.RCC_PLLI2SConfig), (24 bytes).
    Removing stm32f4xx_rcc.o(i.RCC_PLLSAICmd), (12 bytes).
    Removing stm32f4xx_rcc.o(i.RCC_PLLSAIConfig), (24 bytes).
    Removing stm32f4xx_rcc.o(i.RCC_RTCCLKCmd), (12 bytes).
    Removing stm32f4xx_rcc.o(i.RCC_RTCCLKConfig), (60 bytes).
    Removing stm32f4xx_rcc.o(i.RCC_SAIBlockACLKConfig), (24 bytes).
    Removing stm32f4xx_rcc.o(i.RCC_SAIBlockBCLKConfig), (24 bytes).
    Removing stm32f4xx_rcc.o(i.RCC_SAIPLLI2SClkDivConfig), (28 bytes).
    Removing stm32f4xx_rcc.o(i.RCC_SAIPLLSAIClkDivConfig), (28 bytes).
    Removing stm32f4xx_rcc.o(i.RCC_SYSCLKConfig), (24 bytes).
    Removing stm32f4xx_rcc.o(i.RCC_TIMCLKPresConfig), (12 bytes).
    Removing stm32f4xx_rcc.o(i.RCC_WaitForHSEStartUp), (56 bytes).
    Removing stm32f4xx_syscfg.o(.rev16_text), (4 bytes).
    Removing stm32f4xx_syscfg.o(.revsh_text), (4 bytes).
    Removing stm32f4xx_syscfg.o(.rrx_text), (6 bytes).
    Removing stm32f4xx_syscfg.o(i.SYSCFG_CompensationCellCmd), (12 bytes).
    Removing stm32f4xx_syscfg.o(i.SYSCFG_DeInit), (22 bytes).
    Removing stm32f4xx_syscfg.o(i.SYSCFG_ETH_MediaInterfaceConfig), (12 bytes).
    Removing stm32f4xx_syscfg.o(i.SYSCFG_EXTILineConfig), (64 bytes).
    Removing stm32f4xx_syscfg.o(i.SYSCFG_GetCompensationCellStatus), (24 bytes).
    Removing stm32f4xx_syscfg.o(i.SYSCFG_MemoryRemapConfig), (12 bytes).
    Removing stm32f4xx_syscfg.o(i.SYSCFG_MemorySwappingBank), (12 bytes).
    Removing stm32f4xx_tim.o(.rev16_text), (4 bytes).
    Removing stm32f4xx_tim.o(.revsh_text), (4 bytes).
    Removing stm32f4xx_tim.o(.rrx_text), (6 bytes).
    Removing stm32f4xx_tim.o(i.TIM_ARRPreloadConfig), (24 bytes).
    Removing stm32f4xx_tim.o(i.TIM_BDTRConfig), (32 bytes).
    Removing stm32f4xx_tim.o(i.TIM_BDTRStructInit), (18 bytes).
    Removing stm32f4xx_tim.o(i.TIM_CCPreloadControl), (24 bytes).
    Removing stm32f4xx_tim.o(i.TIM_CCxCmd), (30 bytes).
    Removing stm32f4xx_tim.o(i.TIM_CCxNCmd), (30 bytes).
    Removing stm32f4xx_tim.o(i.TIM_ClearOC1Ref), (18 bytes).
    Removing stm32f4xx_tim.o(i.TIM_ClearOC2Ref), (24 bytes).
    Removing stm32f4xx_tim.o(i.TIM_ClearOC3Ref), (18 bytes).
    Removing stm32f4xx_tim.o(i.TIM_ClearOC4Ref), (24 bytes).
    Removing stm32f4xx_tim.o(i.TIM_CounterModeConfig), (18 bytes).
    Removing stm32f4xx_tim.o(i.TIM_CtrlPWMOutputs), (30 bytes).
    Removing stm32f4xx_tim.o(i.TIM_DMACmd), (18 bytes).
    Removing stm32f4xx_tim.o(i.TIM_DMAConfig), (10 bytes).
    Removing stm32f4xx_tim.o(i.TIM_ETRClockMode1Config), (54 bytes).
    Removing stm32f4xx_tim.o(i.TIM_ETRClockMode2Config), (32 bytes).
    Removing stm32f4xx_tim.o(i.TIM_ETRConfig), (28 bytes).
    Removing stm32f4xx_tim.o(i.TIM_ForcedOC1Config), (18 bytes).
    Removing stm32f4xx_tim.o(i.TIM_ForcedOC2Config), (26 bytes).
    Removing stm32f4xx_tim.o(i.TIM_ForcedOC3Config), (18 bytes).
    Removing stm32f4xx_tim.o(i.TIM_ForcedOC4Config), (26 bytes).
    Removing stm32f4xx_tim.o(i.TIM_GenerateEvent), (4 bytes).
    Removing stm32f4xx_tim.o(i.TIM_GetCapture1), (6 bytes).
    Removing stm32f4xx_tim.o(i.TIM_GetCapture2), (6 bytes).
    Removing stm32f4xx_tim.o(i.TIM_GetCapture3), (6 bytes).
    Removing stm32f4xx_tim.o(i.TIM_GetCapture4), (6 bytes).
    Removing stm32f4xx_tim.o(i.TIM_GetITStatus), (34 bytes).
    Removing stm32f4xx_tim.o(i.TIM_GetPrescaler), (6 bytes).
    Removing stm32f4xx_tim.o(i.TIM_ITRxExternalClockConfig), (24 bytes).
    Removing stm32f4xx_tim.o(i.TIM_InternalClockConfig), (12 bytes).
    Removing stm32f4xx_tim.o(i.TIM_OC1FastConfig), (18 bytes).
    Removing stm32f4xx_tim.o(i.TIM_OC1Init), (124 bytes).
    Removing stm32f4xx_tim.o(i.TIM_OC1NPolarityConfig), (18 bytes).
    Removing stm32f4xx_tim.o(i.TIM_OC1PolarityConfig), (18 bytes).
    Removing stm32f4xx_tim.o(i.TIM_OC1PreloadConfig), (18 bytes).
    Removing stm32f4xx_tim.o(i.TIM_OC2FastConfig), (26 bytes).
    Removing stm32f4xx_tim.o(i.TIM_OC2NPolarityConfig), (26 bytes).
    Removing stm32f4xx_tim.o(i.TIM_OC2PolarityConfig), (26 bytes).
    Removing stm32f4xx_tim.o(i.TIM_OC2PreloadConfig), (26 bytes).
    Removing stm32f4xx_tim.o(i.TIM_OC3FastConfig), (18 bytes).
    Removing stm32f4xx_tim.o(i.TIM_OC3NPolarityConfig), (26 bytes).
    Removing stm32f4xx_tim.o(i.TIM_OC3PolarityConfig), (26 bytes).
    Removing stm32f4xx_tim.o(i.TIM_OC3PreloadConfig), (18 bytes).
    Removing stm32f4xx_tim.o(i.TIM_OC4FastConfig), (26 bytes).
    Removing stm32f4xx_tim.o(i.TIM_OC4Init), (120 bytes).
    Removing stm32f4xx_tim.o(i.TIM_OC4PolarityConfig), (26 bytes).
    Removing stm32f4xx_tim.o(i.TIM_OC4PreloadConfig), (26 bytes).
    Removing stm32f4xx_tim.o(i.TIM_OCStructInit), (20 bytes).
    Removing stm32f4xx_tim.o(i.TIM_PWMIConfig), (124 bytes).
    Removing stm32f4xx_tim.o(i.TIM_PrescalerConfig), (6 bytes).
    Removing stm32f4xx_tim.o(i.TIM_RemapConfig), (6 bytes).
    Removing stm32f4xx_tim.o(i.TIM_SelectCCDMA), (24 bytes).
    Removing stm32f4xx_tim.o(i.TIM_SelectCOM), (24 bytes).
    Removing stm32f4xx_tim.o(i.TIM_SelectHallSensor), (24 bytes).
    Removing stm32f4xx_tim.o(i.TIM_SelectInputTrigger), (18 bytes).
    Removing stm32f4xx_tim.o(i.TIM_SelectMasterSlaveMode), (18 bytes).
    Removing stm32f4xx_tim.o(i.TIM_SelectOCxM), (86 bytes).
    Removing stm32f4xx_tim.o(i.TIM_SelectOnePulseMode), (18 bytes).
    Removing stm32f4xx_tim.o(i.TIM_SelectOutputTrigger), (18 bytes).
    Removing stm32f4xx_tim.o(i.TIM_SelectSlaveMode), (18 bytes).
    Removing stm32f4xx_tim.o(i.TIM_SetAutoreload), (4 bytes).
    Removing stm32f4xx_tim.o(i.TIM_SetClockDivision), (18 bytes).
    Removing stm32f4xx_tim.o(i.TIM_SetCompare1), (4 bytes).
    Removing stm32f4xx_tim.o(i.TIM_SetCompare2), (4 bytes).
    Removing stm32f4xx_tim.o(i.TIM_SetCompare3), (4 bytes).
    Removing stm32f4xx_tim.o(i.TIM_SetCompare4), (4 bytes).
    Removing stm32f4xx_tim.o(i.TIM_TIxExternalClockConfig), (62 bytes).
    Removing stm32f4xx_tim.o(i.TIM_UpdateDisableConfig), (24 bytes).
    Removing stm32f4xx_tim.o(i.TIM_UpdateRequestConfig), (24 bytes).
    Removing stm32f4xx_usart.o(.rev16_text), (4 bytes).
    Removing stm32f4xx_usart.o(.revsh_text), (4 bytes).
    Removing stm32f4xx_usart.o(.rrx_text), (6 bytes).
    Removing stm32f4xx_usart.o(i.USART_ClockInit), (32 bytes).
    Removing stm32f4xx_usart.o(i.USART_ClockStructInit), (12 bytes).
    Removing stm32f4xx_usart.o(i.USART_DMACmd), (18 bytes).
    Removing stm32f4xx_usart.o(i.USART_DeInit), (240 bytes).
    Removing stm32f4xx_usart.o(i.USART_HalfDuplexCmd), (24 bytes).
    Removing stm32f4xx_usart.o(i.USART_IrDACmd), (24 bytes).
    Removing stm32f4xx_usart.o(i.USART_IrDAConfig), (18 bytes).
    Removing stm32f4xx_usart.o(i.USART_LINBreakDetectLengthConfig), (18 bytes).
    Removing stm32f4xx_usart.o(i.USART_LINCmd), (24 bytes).
    Removing stm32f4xx_usart.o(i.USART_OneBitMethodCmd), (24 bytes).
    Removing stm32f4xx_usart.o(i.USART_OverSampling8Cmd), (22 bytes).
    Removing stm32f4xx_usart.o(i.USART_ReceiverWakeUpCmd), (24 bytes).
    Removing stm32f4xx_usart.o(i.USART_SendBreak), (10 bytes).
    Removing stm32f4xx_usart.o(i.USART_SetAddress), (18 bytes).
    Removing stm32f4xx_usart.o(i.USART_SetGuardTime), (16 bytes).
    Removing stm32f4xx_usart.o(i.USART_SetPrescaler), (16 bytes).
    Removing stm32f4xx_usart.o(i.USART_SmartCardCmd), (24 bytes).
    Removing stm32f4xx_usart.o(i.USART_SmartCardNACKCmd), (24 bytes).
    Removing stm32f4xx_usart.o(i.USART_StructInit), (24 bytes).
    Removing stm32f4xx_usart.o(i.USART_WakeUpConfig), (18 bytes).
    Removing startup_stm32f429_439xx.o(HEAP), (512 bytes).
    Removing system_stm32f4xx.o(.rev16_text), (4 bytes).
    Removing system_stm32f4xx.o(.revsh_text), (4 bytes).
    Removing system_stm32f4xx.o(.rrx_text), (6 bytes).
    Removing system_stm32f4xx.o(i.SystemCoreClockUpdate), (192 bytes).
    Removing system_stm32f4xx.o(.data), (20 bytes).
    Removing compass_vec_cal.o(.text), (9456 bytes).
    Removing compass_vec_cal.o(.bss), (1120 bytes).
    Removing compass_vec_cal.o(.data), (16 bytes).
    Removing fast_no_motion.o(.text), (2584 bytes).
    Removing fast_no_motion.o(.bss), (672 bytes).
    Removing fast_no_motion.o(.constdata), (22 bytes).
    Removing fusion_9axis.o(.text), (1712 bytes).
    Removing fusion_9axis.o(.bss), (312 bytes).
    Removing gyro_tc.o(.text), (1220 bytes).
    Removing gyro_tc.o(.bss), (452 bytes).
    Removing mag_disturb.o(.text), (1472 bytes).
    Removing mag_disturb.o(.bss), (184 bytes).
    Removing quaternion_supervisor.o(.text), (2452 bytes).
    Removing quaternion_supervisor.o(.bss), (108 bytes).
    Removing accel_auto_cal.o(.text), (3140 bytes).
    Removing accel_auto_cal.o(.bss), (1208 bytes).
    Removing accel_auto_cal.o(.constdata), (35 bytes).
    Removing ffltl.o(.text), (44 bytes).
    Removing dflti.o(.text), (34 bytes).
    Removing ffixl.o(.text), (66 bytes).
    Removing dfixi.o(.text), (62 bytes).
    Removing f2d.o(.text), (38 bytes).
    Removing cdcmple.o(.text), (48 bytes).
    Removing d2f.o(.text), (56 bytes).
    Removing fepilogue.o(.text), (110 bytes).
    Removing dneg.o(.text), (6 bytes).
    Removing dscalb.o(.text), (46 bytes).
    Removing dsqrt.o(.text), (162 bytes).
    Removing dfltui.o(.text), (26 bytes).

669 unused section(s) (total 83291 bytes) removed from the image.

==============================================================================

Image Symbol Table

    Local Symbols

    Symbol Name                              Value     Ov Type        Size  Object(Section)

    ../clib/../cmprslib/zerorunl2.c          0x00000000   Number         0  __dczerorl2.o ABSOLUTE
    ../clib/microlib/division.c              0x00000000   Number         0  uldiv.o ABSOLUTE
    ../clib/microlib/division.c              0x00000000   Number         0  uidiv.o ABSOLUTE
    ../clib/microlib/division.c              0x00000000   Number         0  ldiv.o ABSOLUTE
    ../clib/microlib/errno.c                 0x00000000   Number         0  errno.o ABSOLUTE
    ../clib/microlib/init/entry.s            0x00000000   Number         0  entry8b.o ABSOLUTE
    ../clib/microlib/init/entry.s            0x00000000   Number         0  entry8a.o ABSOLUTE
    ../clib/microlib/init/entry.s            0x00000000   Number         0  entry7a.o ABSOLUTE
    ../clib/microlib/init/entry.s            0x00000000   Number         0  entry5.o ABSOLUTE
    ../clib/microlib/init/entry.s            0x00000000   Number         0  entry2.o ABSOLUTE
    ../clib/microlib/init/entry.s            0x00000000   Number         0  entry7b.o ABSOLUTE
    ../clib/microlib/init/entry.s            0x00000000   Number         0  entry10b.o ABSOLUTE
    ../clib/microlib/init/entry.s            0x00000000   Number         0  entry11b.o ABSOLUTE
    ../clib/microlib/init/entry.s            0x00000000   Number         0  entry11a.o ABSOLUTE
    ../clib/microlib/init/entry.s            0x00000000   Number         0  entry10a.o ABSOLUTE
    ../clib/microlib/init/entry.s            0x00000000   Number         0  entry9b.o ABSOLUTE
    ../clib/microlib/init/entry.s            0x00000000   Number         0  entry9a.o ABSOLUTE
    ../clib/microlib/init/entry.s            0x00000000   Number         0  entry.o ABSOLUTE
    ../clib/microlib/longlong.c              0x00000000   Number         0  llshl.o ABSOLUTE
    ../clib/microlib/longlong.c              0x00000000   Number         0  llushr.o ABSOLUTE
    ../clib/microlib/longlong.c              0x00000000   Number         0  llsshr.o ABSOLUTE
    ../clib/microlib/printf/printf.c         0x00000000   Number         0  printf3.o ABSOLUTE
    ../clib/microlib/printf/printf.c         0x00000000   Number         0  printf2.o ABSOLUTE
    ../clib/microlib/printf/printf.c         0x00000000   Number         0  printf1.o ABSOLUTE
    ../clib/microlib/printf/printf.c         0x00000000   Number         0  printf0.o ABSOLUTE
    ../clib/microlib/printf/printf.c         0x00000000   Number         0  printfb.o ABSOLUTE
    ../clib/microlib/printf/printf.c         0x00000000   Number         0  printfa.o ABSOLUTE
    ../clib/microlib/printf/printf.c         0x00000000   Number         0  printf8.o ABSOLUTE
    ../clib/microlib/printf/printf.c         0x00000000   Number         0  printf7.o ABSOLUTE
    ../clib/microlib/printf/printf.c         0x00000000   Number         0  printf6.o ABSOLUTE
    ../clib/microlib/printf/printf.c         0x00000000   Number         0  printf5.o ABSOLUTE
    ../clib/microlib/printf/printf.c         0x00000000   Number         0  printf4.o ABSOLUTE
    ../clib/microlib/printf/stubs.s          0x00000000   Number         0  stubs.o ABSOLUTE
    ../clib/microlib/string/memcmp.c         0x00000000   Number         0  memcmp.o ABSOLUTE
    ../clib/microlib/string/memcpy.c         0x00000000   Number         0  memmoveb.o ABSOLUTE
    ../clib/microlib/string/memcpy.c         0x00000000   Number         0  memcpyb.o ABSOLUTE
    ../clib/microlib/string/memcpy.c         0x00000000   Number         0  memmovea.o ABSOLUTE
    ../clib/microlib/string/memcpy.c         0x00000000   Number         0  memcpya.o ABSOLUTE
    ../clib/microlib/string/memset.c         0x00000000   Number         0  memseta.o ABSOLUTE
    ../clib/microlib/stubs.s                 0x00000000   Number         0  iusefp.o ABSOLUTE
    ../fplib/microlib/d2f.c                  0x00000000   Number         0  d2f.o ABSOLUTE
    ../fplib/microlib/f2d.c                  0x00000000   Number         0  f2d.o ABSOLUTE
    ../fplib/microlib/fpadd.c                0x00000000   Number         0  dadd.o ABSOLUTE
    ../fplib/microlib/fpdiv.c                0x00000000   Number         0  ddiv.o ABSOLUTE
    ../fplib/microlib/fpepilogue.c           0x00000000   Number         0  depilogue.o ABSOLUTE
    ../fplib/microlib/fpepilogue.c           0x00000000   Number         0  fepilogue.o ABSOLUTE
    ../fplib/microlib/fpfix.c                0x00000000   Number         0  dfixul.o ABSOLUTE
    ../fplib/microlib/fpfix.c                0x00000000   Number         0  dfixi.o ABSOLUTE
    ../fplib/microlib/fpfix.c                0x00000000   Number         0  ffixl.o ABSOLUTE
    ../fplib/microlib/fpflt.c                0x00000000   Number         0  ffltl.o ABSOLUTE
    ../fplib/microlib/fpflt.c                0x00000000   Number         0  dfltui.o ABSOLUTE
    ../fplib/microlib/fpflt.c                0x00000000   Number         0  dflti.o ABSOLUTE
    ../fplib/microlib/fpmul.c                0x00000000   Number         0  dmul.o ABSOLUTE
    ../fplib/microlib/fpneg.c                0x00000000   Number         0  dneg.o ABSOLUTE
    ../fplib/microlib/fpscalb.c              0x00000000   Number         0  dscalb.o ABSOLUTE
    ../fplib/microlib/fpsqrt.c               0x00000000   Number         0  dsqrt.o ABSOLUTE
    ../mathlib/acos.c                        0x00000000   Number         0  acos.o ABSOLUTE
    ../mathlib/acos.c                        0x00000000   Number         0  acos_x.o ABSOLUTE
    ../mathlib/acosf.c                       0x00000000   Number         0  acosf.o ABSOLUTE
    ../mathlib/acosf.c                       0x00000000   Number         0  acosf_x.o ABSOLUTE
    ../mathlib/asin.c                        0x00000000   Number         0  asin.o ABSOLUTE
    ../mathlib/asin.c                        0x00000000   Number         0  asin_x.o ABSOLUTE
    ../mathlib/asinf.c                       0x00000000   Number         0  asinf_x.o ABSOLUTE
    ../mathlib/asinf.c                       0x00000000   Number         0  asinf.o ABSOLUTE
    ../mathlib/atan.c                        0x00000000   Number         0  atan.o ABSOLUTE
    ../mathlib/atan.c                        0x00000000   Number         0  atan_x.o ABSOLUTE
    ../mathlib/atan2.c                       0x00000000   Number         0  atan2.o ABSOLUTE
    ../mathlib/atan2.c                       0x00000000   Number         0  atan2_x.o ABSOLUTE
    ../mathlib/atan2f.c                      0x00000000   Number         0  atan2f_x.o ABSOLUTE
    ../mathlib/atan2f.c                      0x00000000   Number         0  atan2f.o ABSOLUTE
    ../mathlib/ceil.c                        0x00000000   Number         0  ceil.o ABSOLUTE
    ../mathlib/cos.c                         0x00000000   Number         0  cos_x.o ABSOLUTE
    ../mathlib/cos.c                         0x00000000   Number         0  cos.o ABSOLUTE
    ../mathlib/cos_i.c                       0x00000000   Number         0  cos_i.o ABSOLUTE
    ../mathlib/cosf.c                        0x00000000   Number         0  cosf.o ABSOLUTE
    ../mathlib/cosf.c                        0x00000000   Number         0  cosf_x.o ABSOLUTE
    ../mathlib/dunder.c                      0x00000000   Number         0  dunder.o ABSOLUTE
    ../mathlib/fabs.c                        0x00000000   Number         0  fabs.o ABSOLUTE
    ../mathlib/floor.c                       0x00000000   Number         0  floor.o ABSOLUTE
    ../mathlib/fpclassify.c                  0x00000000   Number         0  fpclassify.o ABSOLUTE
    ../mathlib/fpclassifyf.c                 0x00000000   Number         0  fpclassifyf.o ABSOLUTE
    ../mathlib/funder.c                      0x00000000   Number         0  funder.o ABSOLUTE
    ../mathlib/log.c                         0x00000000   Number         0  log_x.o ABSOLUTE
    ../mathlib/log.c                         0x00000000   Number         0  log.o ABSOLUTE
    ../mathlib/poly.c                        0x00000000   Number         0  poly.o ABSOLUTE
    ../mathlib/pow.c                         0x00000000   Number         0  pow_x.o ABSOLUTE
    ../mathlib/pow.c                         0x00000000   Number         0  pow.o ABSOLUTE
    ../mathlib/qnan.c                        0x00000000   Number         0  qnan.o ABSOLUTE
    ../mathlib/rred.c                        0x00000000   Number         0  rred.o ABSOLUTE
    ../mathlib/rredf.c                       0x00000000   Number         0  rredf.o ABSOLUTE
    ../mathlib/sin.c                         0x00000000   Number         0  sin.o ABSOLUTE
    ../mathlib/sin.c                         0x00000000   Number         0  sin_x.o ABSOLUTE
    ../mathlib/sin_i.c                       0x00000000   Number         0  sin_i.o ABSOLUTE
    ../mathlib/sin_i.c                       0x00000000   Number         0  sin_i_x.o ABSOLUTE
    ../mathlib/sinf.c                        0x00000000   Number         0  sinf.o ABSOLUTE
    ../mathlib/sinf.c                        0x00000000   Number         0  sinf_x.o ABSOLUTE
    ../mathlib/sqrt.c                        0x00000000   Number         0  sqrt.o ABSOLUTE
    ../mathlib/sqrt.c                        0x00000000   Number         0  sqrt_x.o ABSOLUTE
    ../mathlib/sqrtf.c                       0x00000000   Number         0  sqrtf.o ABSOLUTE
    ../mathlib/sqrtf.c                       0x00000000   Number         0  sqrtf_x.o ABSOLUTE
    D:\\keil5\\ARM\\PACK\\Keil\\STM32F4xx_DFP\\1.0.8\\Device\\StdPeriph_Driver\\src\\misc.c 0x00000000   Number         0  misc.o ABSOLUTE
    D:\\keil5\\ARM\\PACK\\Keil\\STM32F4xx_DFP\\1.0.8\\Device\\StdPeriph_Driver\\src\\stm32f4xx_exti.c 0x00000000   Number         0  stm32f4xx_exti.o ABSOLUTE
    D:\\keil5\\ARM\\PACK\\Keil\\STM32F4xx_DFP\\1.0.8\\Device\\StdPeriph_Driver\\src\\stm32f4xx_gpio.c 0x00000000   Number         0  stm32f4xx_gpio.o ABSOLUTE
    D:\\keil5\\ARM\\PACK\\Keil\\STM32F4xx_DFP\\1.0.8\\Device\\StdPeriph_Driver\\src\\stm32f4xx_rcc.c 0x00000000   Number         0  stm32f4xx_rcc.o ABSOLUTE
    D:\\keil5\\ARM\\PACK\\Keil\\STM32F4xx_DFP\\1.0.8\\Device\\StdPeriph_Driver\\src\\stm32f4xx_syscfg.c 0x00000000   Number         0  stm32f4xx_syscfg.o ABSOLUTE
    D:\\keil5\\ARM\\PACK\\Keil\\STM32F4xx_DFP\\1.0.8\\Device\\StdPeriph_Driver\\src\\stm32f4xx_tim.c 0x00000000   Number         0  stm32f4xx_tim.o ABSOLUTE
    D:\\keil5\\ARM\\PACK\\Keil\\STM32F4xx_DFP\\1.0.8\\Device\\StdPeriph_Driver\\src\\stm32f4xx_usart.c 0x00000000   Number         0  stm32f4xx_usart.o ABSOLUTE
    D:\keil5\ARM\PACK\Keil\STM32F4xx_DFP\1.0.8\Device\StdPeriph_Driver\src\misc.c 0x00000000   Number         0  misc.o ABSOLUTE
    D:\keil5\ARM\PACK\Keil\STM32F4xx_DFP\1.0.8\Device\StdPeriph_Driver\src\stm32f4xx_exti.c 0x00000000   Number         0  stm32f4xx_exti.o ABSOLUTE
    D:\keil5\ARM\PACK\Keil\STM32F4xx_DFP\1.0.8\Device\StdPeriph_Driver\src\stm32f4xx_gpio.c 0x00000000   Number         0  stm32f4xx_gpio.o ABSOLUTE
    D:\keil5\ARM\PACK\Keil\STM32F4xx_DFP\1.0.8\Device\StdPeriph_Driver\src\stm32f4xx_rcc.c 0x00000000   Number         0  stm32f4xx_rcc.o ABSOLUTE
    D:\keil5\ARM\PACK\Keil\STM32F4xx_DFP\1.0.8\Device\StdPeriph_Driver\src\stm32f4xx_syscfg.c 0x00000000   Number         0  stm32f4xx_syscfg.o ABSOLUTE
    D:\keil5\ARM\PACK\Keil\STM32F4xx_DFP\1.0.8\Device\StdPeriph_Driver\src\stm32f4xx_tim.c 0x00000000   Number         0  stm32f4xx_tim.o ABSOLUTE
    D:\keil5\ARM\PACK\Keil\STM32F4xx_DFP\1.0.8\Device\StdPeriph_Driver\src\stm32f4xx_usart.c 0x00000000   Number         0  stm32f4xx_usart.o ABSOLUTE
    DMP\\driver\\eMPL\\inv_mpu.c             0x00000000   Number         0  inv_mpu.o ABSOLUTE
    DMP\\driver\\eMPL\\inv_mpu_dmp_motion_driver.c 0x00000000   Number         0  inv_mpu_dmp_motion_driver.o ABSOLUTE
    DMP\\driver\\stm32L\\log_stm32.c         0x00000000   Number         0  log_stm32.o ABSOLUTE
    DMP\driver\eMPL\inv_mpu.c                0x00000000   Number         0  inv_mpu.o ABSOLUTE
    DMP\driver\eMPL\inv_mpu_dmp_motion_driver.c 0x00000000   Number         0  inv_mpu_dmp_motion_driver.o ABSOLUTE
    DMP\driver\stm32L\log_stm32.c            0x00000000   Number         0  log_stm32.o ABSOLUTE
    DMP\eMPL-hal\eMPL_outputs.c              0x00000000   Number         0  empl_outputs.o ABSOLUTE
    DMP\mllite\data_builder.c                0x00000000   Number         0  data_builder.o ABSOLUTE
    DMP\mllite\hal_outputs.c                 0x00000000   Number         0  hal_outputs.o ABSOLUTE
    DMP\mllite\message_layer.c               0x00000000   Number         0  message_layer.o ABSOLUTE
    DMP\mllite\ml_math_func.c                0x00000000   Number         0  ml_math_func.o ABSOLUTE
    DMP\mllite\mlmath.c                      0x00000000   Number         0  mlmath.o ABSOLUTE
    DMP\mllite\mpl.c                         0x00000000   Number         0  mpl.o ABSOLUTE
    DMP\mllite\results_holder.c              0x00000000   Number         0  results_holder.o ABSOLUTE
    DMP\mllite\start_manager.c               0x00000000   Number         0  start_manager.o ABSOLUTE
    DMP\mllite\storage_manager.c             0x00000000   Number         0  storage_manager.o ABSOLUTE
    IIC\\myiic.c                             0x00000000   Number         0  myiic.o ABSOLUTE
    IIC\myiic.c                              0x00000000   Number         0  myiic.o ABSOLUTE
    MPL_LIB\mpl\accel_auto_cal.c             0x00000000   Number         0  accel_auto_cal.o ABSOLUTE
    MPL_LIB\mpl\compass_vec_cal.c            0x00000000   Number         0  compass_vec_cal.o ABSOLUTE
    MPL_LIB\mpl\fast_no_motion.c             0x00000000   Number         0  fast_no_motion.o ABSOLUTE
    MPL_LIB\mpl\fusion_9axis.c               0x00000000   Number         0  fusion_9axis.o ABSOLUTE
    MPL_LIB\mpl\gyro_tc.c                    0x00000000   Number         0  gyro_tc.o ABSOLUTE
    MPL_LIB\mpl\mag_disturb.c                0x00000000   Number         0  mag_disturb.o ABSOLUTE
    MPL_LIB\mpl\quaternion_supervisor.c      0x00000000   Number         0  quaternion_supervisor.o ABSOLUTE
    MPU9250\\mpu9250.c                       0x00000000   Number         0  mpu9250.o ABSOLUTE
    MPU9250\mpu9250.c                        0x00000000   Number         0  mpu9250.o ABSOLUTE
    OLED\\oled.c                             0x00000000   Number         0  oled.o ABSOLUTE
    OLED\oled.c                              0x00000000   Number         0  oled.o ABSOLUTE
    RTE\Device\STM32F429IG\startup_stm32f429_439xx.s 0x00000000   Number         0  startup_stm32f429_439xx.o ABSOLUTE
    RTE\Device\STM32F429IG\system_stm32f4xx.c 0x00000000   Number         0  system_stm32f4xx.o ABSOLUTE
    RTE\\Device\\STM32F429IG\\system_stm32f4xx.c 0x00000000   Number         0  system_stm32f4xx.o ABSOLUTE
    ano.c                                    0x00000000   Number         0  ano.o ABSOLUTE
    ano.c                                    0x00000000   Number         0  ano.o ABSOLUTE
    cdcmple.s                                0x00000000   Number         0  cdcmple.o ABSOLUTE
    cdrcmple.s                               0x00000000   Number         0  cdrcmple.o ABSOLUTE
    dc.s                                     0x00000000   Number         0  dc.o ABSOLUTE
    delay.c                                  0x00000000   Number         0  delay.o ABSOLUTE
    delay.c                                  0x00000000   Number         0  delay.o ABSOLUTE
    encode.c                                 0x00000000   Number         0  encode.o ABSOLUTE
    encode.c                                 0x00000000   Number         0  encode.o ABSOLUTE
    handlers.s                               0x00000000   Number         0  handlers.o ABSOLUTE
    hc05.c                                   0x00000000   Number         0  hc05.o ABSOLUTE
    hc05.c                                   0x00000000   Number         0  hc05.o ABSOLUTE
    hongwai.c                                0x00000000   Number         0  hongwai.o ABSOLUTE
    hongwai.c                                0x00000000   Number         0  hongwai.o ABSOLUTE
    i2c.c                                    0x00000000   Number         0  i2c.o ABSOLUTE
    i2c.c                                    0x00000000   Number         0  i2c.o ABSOLUTE
    init.s                                   0x00000000   Number         0  init.o ABSOLUTE
    main.c                                   0x00000000   Number         0  main.o ABSOLUTE
    main.c                                   0x00000000   Number         0  main.o ABSOLUTE
    motion.c                                 0x00000000   Number         0  motion.o ABSOLUTE
    motion.c                                 0x00000000   Number         0  motion.o ABSOLUTE
    motor.c                                  0x00000000   Number         0  motor.o ABSOLUTE
    motor.c                                  0x00000000   Number         0  motor.o ABSOLUTE
    pid.c                                    0x00000000   Number         0  pid.o ABSOLUTE
    pid.c                                    0x00000000   Number         0  pid.o ABSOLUTE
    sys\\sys.c                               0x00000000   Number         0  sys.o ABSOLUTE
    sys\sys.c                                0x00000000   Number         0  sys.o ABSOLUTE
    time.c                                   0x00000000   Number         0  time.o ABSOLUTE
    time.c                                   0x00000000   Number         0  time.o ABSOLUTE
    ultrasontic.c                            0x00000000   Number         0  ultrasontic.o ABSOLUTE
    ultrasontic.c                            0x00000000   Number         0  ultrasontic.o ABSOLUTE
    ursat.c                                  0x00000000   Number         0  ursat.o ABSOLUTE
    ursat.c                                  0x00000000   Number         0  ursat.o ABSOLUTE
    RESET                                    0x08000000   Section      428  startup_stm32f429_439xx.o(RESET)
    .ARM.Collect$$$$00000000                 0x080001ac   Section        0  entry.o(.ARM.Collect$$$$00000000)
    .ARM.Collect$$$$00000001                 0x080001ac   Section        4  entry2.o(.ARM.Collect$$$$00000001)
    .ARM.Collect$$$$00000004                 0x080001b0   Section        4  entry5.o(.ARM.Collect$$$$00000004)
    .ARM.Collect$$$$00000008                 0x080001b4   Section        0  entry7b.o(.ARM.Collect$$$$00000008)
    .ARM.Collect$$$$0000000A                 0x080001b4   Section        0  entry8b.o(.ARM.Collect$$$$0000000A)
    .ARM.Collect$$$$0000000B                 0x080001b4   Section        8  entry9a.o(.ARM.Collect$$$$0000000B)
    .ARM.Collect$$$$0000000D                 0x080001bc   Section        0  entry10a.o(.ARM.Collect$$$$0000000D)
    .ARM.Collect$$$$0000000F                 0x080001bc   Section        0  entry11a.o(.ARM.Collect$$$$0000000F)
    .ARM.Collect$$$$00002712                 0x080001bc   Section        4  entry2.o(.ARM.Collect$$$$00002712)
    __lit__00000000                          0x080001bc   Data           4  entry2.o(.ARM.Collect$$$$00002712)
    .text                                    0x080001c0   Section       36  startup_stm32f429_439xx.o(.text)
    $v0                                      0x080001c0   Number         0  startup_stm32f429_439xx.o(.text)
    .text                                    0x080001e4   Section        0  llshl.o(.text)
    .text                                    0x08000202   Section        0  llsshr.o(.text)
    .text                                    0x08000226   Section        0  dadd.o(.text)
    .text                                    0x08000374   Section        0  dmul.o(.text)
    .text                                    0x08000458   Section        0  ddiv.o(.text)
    .text                                    0x08000538   Section       48  cdrcmple.o(.text)
    .text                                    0x08000568   Section        0  uidiv.o(.text)
    .text                                    0x08000594   Section        0  uldiv.o(.text)
    .text                                    0x080005f6   Section        0  llushr.o(.text)
    .text                                    0x08000616   Section        0  depilogue.o(.text)
    .text                                    0x08000616   Section        0  iusefp.o(.text)
    .text                                    0x080006d0   Section        0  dfixul.o(.text)
    .text                                    0x08000700   Section       36  init.o(.text)
    .text                                    0x08000724   Section        0  __dczerorl2.o(.text)
    i.Encoder_Init_TIM3                      0x0800077c   Section        0  encode.o(i.Encoder_Init_TIM3)
    i.Encoder_Init_TIM5                      0x08000828   Section        0  encode.o(i.Encoder_Init_TIM5)
    i.GPIO_Init                              0x080008d8   Section        0  stm32f4xx_gpio.o(i.GPIO_Init)
    i.GPIO_PinAFConfig                       0x08000968   Section        0  stm32f4xx_gpio.o(i.GPIO_PinAFConfig)
    i.GPIO_ReadInputDataBit                  0x080009ae   Section        0  stm32f4xx_gpio.o(i.GPIO_ReadInputDataBit)
    i.GPIO_ResetBits                         0x080009c0   Section        0  stm32f4xx_gpio.o(i.GPIO_ResetBits)
    i.Motin_param_Init                       0x080009c4   Section        0  motion.o(i.Motin_param_Init)
    i.Motion_Select                          0x080009ec   Section        0  motion.o(i.Motion_Select)
    i.Motion_mutual                          0x08000a64   Section        0  motion.o(i.Motion_mutual)
    i.Motion_swith                           0x08000abc   Section        0  motion.o(i.Motion_swith)
    i.NVIC_Init                              0x08000b5c   Section        0  misc.o(i.NVIC_Init)
    i.NVIC_PriorityGroupConfig               0x08000bd4   Section        0  misc.o(i.NVIC_PriorityGroupConfig)
    i.PID_Calc_Left                          0x08000be8   Section        0  pid.o(i.PID_Calc_Left)
    i.PID_Calc_Right                         0x08000c8c   Section        0  pid.o(i.PID_Calc_Right)
    i.PID_LocalTurn                          0x08000d1c   Section        0  pid.o(i.PID_LocalTurn)
    i.PID_param_init                         0x08000d98   Section        0  pid.o(i.PID_param_init)
    i.RCC_AHB1PeriphClockCmd                 0x08000e9c   Section        0  stm32f4xx_rcc.o(i.RCC_AHB1PeriphClockCmd)
    i.RCC_APB1PeriphClockCmd                 0x08000ebc   Section        0  stm32f4xx_rcc.o(i.RCC_APB1PeriphClockCmd)
    i.RCC_APB1PeriphResetCmd                 0x08000edc   Section        0  stm32f4xx_rcc.o(i.RCC_APB1PeriphResetCmd)
    i.RCC_APB2PeriphClockCmd                 0x08000efc   Section        0  stm32f4xx_rcc.o(i.RCC_APB2PeriphClockCmd)
    i.RCC_APB2PeriphResetCmd                 0x08000f1c   Section        0  stm32f4xx_rcc.o(i.RCC_APB2PeriphResetCmd)
    i.RCC_GetClocksFreq                      0x08000f3c   Section        0  stm32f4xx_rcc.o(i.RCC_GetClocksFreq)
    i.Read_Encoder                           0x08001024   Section        0  encode.o(i.Read_Encoder)
    i.Run_motion                             0x08001088   Section        0  motion.o(i.Run_motion)
    i.SetSysClock                            0x08001218   Section        0  system_stm32f4xx.o(i.SetSysClock)
    SetSysClock                              0x08001219   Thumb Code   272  system_stm32f4xx.o(i.SetSysClock)
    i.SystemInit                             0x08001338   Section        0  system_stm32f4xx.o(i.SystemInit)
    i.TI1_Config                             0x080013a0   Section        0  stm32f4xx_tim.o(i.TI1_Config)
    TI1_Config                               0x080013a1   Thumb Code    58  stm32f4xx_tim.o(i.TI1_Config)
    i.TI2_Config                             0x080013da   Section        0  stm32f4xx_tim.o(i.TI2_Config)
    TI2_Config                               0x080013db   Thumb Code    80  stm32f4xx_tim.o(i.TI2_Config)
    i.TI3_Config                             0x0800142a   Section        0  stm32f4xx_tim.o(i.TI3_Config)
    TI3_Config                               0x0800142b   Thumb Code    72  stm32f4xx_tim.o(i.TI3_Config)
    i.TI4_Config                             0x08001472   Section        0  stm32f4xx_tim.o(i.TI4_Config)
    TI4_Config                               0x08001473   Thumb Code    80  stm32f4xx_tim.o(i.TI4_Config)
    i.TIM2_IRQHandler                        0x080014c4   Section        0  encode.o(i.TIM2_IRQHandler)
    i.TIM_ClearFlag                          0x080014e4   Section        0  stm32f4xx_tim.o(i.TIM_ClearFlag)
    i.TIM_ClearITPendingBit                  0x080014ea   Section        0  stm32f4xx_tim.o(i.TIM_ClearITPendingBit)
    i.TIM_Cmd                                0x080014f0   Section        0  stm32f4xx_tim.o(i.TIM_Cmd)
    i.TIM_Config                             0x08001508   Section        0  motor.o(i.TIM_Config)
    i.TIM_DeInit                             0x080015f4   Section        0  stm32f4xx_tim.o(i.TIM_DeInit)
    i.TIM_EncoderInterfaceConfig             0x08001784   Section        0  stm32f4xx_tim.o(i.TIM_EncoderInterfaceConfig)
    i.TIM_GetCounter                         0x080017c6   Section        0  stm32f4xx_tim.o(i.TIM_GetCounter)
    i.TIM_GetFlagStatus                      0x080017cc   Section        0  stm32f4xx_tim.o(i.TIM_GetFlagStatus)
    i.TIM_ICInit                             0x080017de   Section        0  stm32f4xx_tim.o(i.TIM_ICInit)
    i.TIM_ICStructInit                       0x0800184c   Section        0  stm32f4xx_tim.o(i.TIM_ICStructInit)
    i.TIM_ITConfig                           0x0800185e   Section        0  stm32f4xx_tim.o(i.TIM_ITConfig)
    i.TIM_OC2Init                            0x08001870   Section        0  stm32f4xx_tim.o(i.TIM_OC2Init)
    i.TIM_OC3Init                            0x08001914   Section        0  stm32f4xx_tim.o(i.TIM_OC3Init)
    i.TIM_SetCounter                         0x080019b4   Section        0  stm32f4xx_tim.o(i.TIM_SetCounter)
    i.TIM_SetIC1Prescaler                    0x080019b8   Section        0  stm32f4xx_tim.o(i.TIM_SetIC1Prescaler)
    i.TIM_SetIC2Prescaler                    0x080019ca   Section        0  stm32f4xx_tim.o(i.TIM_SetIC2Prescaler)
    i.TIM_SetIC3Prescaler                    0x080019e4   Section        0  stm32f4xx_tim.o(i.TIM_SetIC3Prescaler)
    i.TIM_SetIC4Prescaler                    0x080019f6   Section        0  stm32f4xx_tim.o(i.TIM_SetIC4Prescaler)
    i.TIM_TimeBaseInit                       0x08001a10   Section        0  stm32f4xx_tim.o(i.TIM_TimeBaseInit)
    i.TIM_TimeBaseStructInit                 0x08001a94   Section        0  stm32f4xx_tim.o(i.TIM_TimeBaseStructInit)
    i.Test_Send_User                         0x08001aa8   Section        0  ano.o(i.Test_Send_User)
    i.Turn_Judge                             0x08001c18   Section        0  motion.o(i.Turn_Judge)
    i.Turnleft_motion                        0x08001c5c   Section        0  motion.o(i.Turnleft_motion)
    i.Turnright_motion                       0x08001d48   Section        0  motion.o(i.Turnright_motion)
    i.UART1_SendByte1                        0x08001e3c   Section        0  ano.o(i.UART1_SendByte1)
    i.UART1_Transmit                         0x08001e5c   Section        0  ano.o(i.UART1_Transmit)
    i.USART1_IRQHandler                      0x08001e78   Section        0  ursat.o(i.USART1_IRQHandler)
    i.USART2_IRQHandler                      0x08001eb8   Section        0  main.o(i.USART2_IRQHandler)
    i.USART_ClearFlag                        0x08001f10   Section        0  stm32f4xx_usart.o(i.USART_ClearFlag)
    i.USART_ClearITPendingBit                0x08001f22   Section        0  stm32f4xx_usart.o(i.USART_ClearITPendingBit)
    i.USART_Cmd                              0x08001f40   Section        0  stm32f4xx_usart.o(i.USART_Cmd)
    i.USART_GetFlagStatus                    0x08001f58   Section        0  stm32f4xx_usart.o(i.USART_GetFlagStatus)
    i.USART_GetITStatus                      0x08001f72   Section        0  stm32f4xx_usart.o(i.USART_GetITStatus)
    i.USART_ITConfig                         0x08001fc6   Section        0  stm32f4xx_usart.o(i.USART_ITConfig)
    i.USART_Init                             0x08002010   Section        0  stm32f4xx_usart.o(i.USART_Init)
    i.USART_ReceiveData                      0x080020e4   Section        0  stm32f4xx_usart.o(i.USART_ReceiveData)
    i.USART_SendData                         0x080020ee   Section        0  stm32f4xx_usart.o(i.USART_SendData)
    i.__0printf                              0x080020f8   Section        0  printfa.o(i.__0printf)
    i.__scatterload_copy                     0x08002118   Section       14  handlers.o(i.__scatterload_copy)
    i.__scatterload_null                     0x08002126   Section        2  handlers.o(i.__scatterload_null)
    i.__scatterload_zeroinit                 0x08002128   Section       14  handlers.o(i.__scatterload_zeroinit)
    i._fp_digits                             0x08002138   Section        0  printfa.o(i._fp_digits)
    _fp_digits                               0x08002139   Thumb Code   366  printfa.o(i._fp_digits)
    i._printf_core                           0x080022bc   Section        0  printfa.o(i._printf_core)
    _printf_core                             0x080022bd   Thumb Code  1744  printfa.o(i._printf_core)
    i._printf_post_padding                   0x08002998   Section        0  printfa.o(i._printf_post_padding)
    _printf_post_padding                     0x08002999   Thumb Code    36  printfa.o(i._printf_post_padding)
    i._printf_pre_padding                    0x080029bc   Section        0  printfa.o(i._printf_pre_padding)
    _printf_pre_padding                      0x080029bd   Thumb Code    46  printfa.o(i._printf_pre_padding)
    i.ble_config_set                         0x080029ec   Section        0  hc05.o(i.ble_config_set)
    i.delay_ms                               0x08002a44   Section        0  delay.o(i.delay_ms)
    i.encoder_Init                           0x08002a80   Section        0  encode.o(i.encoder_Init)
    i.fputc                                  0x08002a8c   Section        0  ursat.o(i.fputc)
    i.hongwai_Init                           0x08002ab0   Section        0  hongwai.o(i.hongwai_Init)
    i.main                                   0x08002ae4   Section        0  main.o(i.main)
    i.search                                 0x08002bd0   Section        0  hongwai.o(i.search)
    i.tim2_Init                              0x08002c2c   Section        0  encode.o(i.tim2_Init)
    i.urast1_init                            0x08002c98   Section        0  ursat.o(i.urast1_init)
    i.urast2_init                            0x08002d48   Section        0  hc05.o(i.urast2_init)
    i.usart2_send                            0x08002df8   Section        0  hc05.o(i.usart2_send)
    .data                                    0x20000000   Section     1032  main.o(.data)
    .data                                    0x20000408   Section        8  ursat.o(.data)
    .data                                    0x20000410   Section        4  pid.o(.data)
    .data                                    0x20000414   Section       48  motion.o(.data)
    .data                                    0x20000444   Section       16  stm32f4xx_rcc.o(.data)
    APBAHBPrescTable                         0x20000444   Data          16  stm32f4xx_rcc.o(.data)
    .bss                                     0x20000454   Section       32  motor.o(.bss)
    TIM_TimeBaseStructure                    0x20000454   Data          12  motor.o(.bss)
    TIM_OCInitStructure                      0x20000460   Data          20  motor.o(.bss)
    .bss                                     0x20000474   Section       50  ano.o(.bss)
    .bss                                     0x200004a8   Section      160  pid.o(.bss)
    .bss                                     0x20000548   Section       44  motion.o(.bss)
    STACK                                    0x20000578   Section     1024  startup_stm32f429_439xx.o(STACK)

    Global Symbols

    Symbol Name                              Value     Ov Type        Size  Object(Section)

    BuildAttributes$$THM_ISAv4$E$P$D$K$B$S$7EM$VFPi3$EXTD16$VFPS$VFMA$PE$A:L22UL41UL21$X:L11$S22US41US21$IEEE1$IW$USESV6$~STKCKD$USESV7$~SHL$OTIME$ROPI$IEEEX$EBA8$MICROLIB$REQ8$PRES8$EABIv2 0x00000000   Number         0  anon$$obj.o ABSOLUTE
    __ARM_use_no_argv                        0x00000000   Number         0  main.o ABSOLUTE
    _printf_a                                0x00000000   Number         0  stubs.o ABSOLUTE
    _printf_c                                0x00000000   Number         0  stubs.o ABSOLUTE
    _printf_charcount                        0x00000000   Number         0  stubs.o ABSOLUTE
    _printf_d                                0x00000000   Number         0  stubs.o ABSOLUTE
    _printf_e                                0x00000000   Number         0  stubs.o ABSOLUTE
    _printf_f                                0x00000000   Number         0  stubs.o ABSOLUTE
    _printf_flags                            0x00000000   Number         0  stubs.o ABSOLUTE
    _printf_fp_dec                           0x00000000   Number         0  stubs.o ABSOLUTE
    _printf_fp_hex                           0x00000000   Number         0  stubs.o ABSOLUTE
    _printf_g                                0x00000000   Number         0  stubs.o ABSOLUTE
    _printf_i                                0x00000000   Number         0  stubs.o ABSOLUTE
    _printf_int_dec                          0x00000000   Number         0  stubs.o ABSOLUTE
    _printf_l                                0x00000000   Number         0  stubs.o ABSOLUTE
    _printf_lc                               0x00000000   Number         0  stubs.o ABSOLUTE
    _printf_ll                               0x00000000   Number         0  stubs.o ABSOLUTE
    _printf_lld                              0x00000000   Number         0  stubs.o ABSOLUTE
    _printf_lli                              0x00000000   Number         0  stubs.o ABSOLUTE
    _printf_llo                              0x00000000   Number         0  stubs.o ABSOLUTE
    _printf_llu                              0x00000000   Number         0  stubs.o ABSOLUTE
    _printf_llx                              0x00000000   Number         0  stubs.o ABSOLUTE
    _printf_longlong_dec                     0x00000000   Number         0  stubs.o ABSOLUTE
    _printf_longlong_hex                     0x00000000   Number         0  stubs.o ABSOLUTE
    _printf_longlong_oct                     0x00000000   Number         0  stubs.o ABSOLUTE
    _printf_ls                               0x00000000   Number         0  stubs.o ABSOLUTE
    _printf_mbtowc                           0x00000000   Number         0  stubs.o ABSOLUTE
    _printf_n                                0x00000000   Number         0  stubs.o ABSOLUTE
    _printf_o                                0x00000000   Number         0  stubs.o ABSOLUTE
    _printf_p                                0x00000000   Number         0  stubs.o ABSOLUTE
    _printf_percent                          0x00000000   Number         0  stubs.o ABSOLUTE
    _printf_pre_padding                      0x00000000   Number         0  stubs.o ABSOLUTE
    _printf_return_value                     0x00000000   Number         0  stubs.o ABSOLUTE
    _printf_s                                0x00000000   Number         0  stubs.o ABSOLUTE
    _printf_sizespec                         0x00000000   Number         0  stubs.o ABSOLUTE
    _printf_str                              0x00000000   Number         0  stubs.o ABSOLUTE
    _printf_truncate_signed                  0x00000000   Number         0  stubs.o ABSOLUTE
    _printf_truncate_unsigned                0x00000000   Number         0  stubs.o ABSOLUTE
    _printf_u                                0x00000000   Number         0  stubs.o ABSOLUTE
    _printf_wc                               0x00000000   Number         0  stubs.o ABSOLUTE
    _printf_wctomb                           0x00000000   Number         0  stubs.o ABSOLUTE
    _printf_widthprec                        0x00000000   Number         0  stubs.o ABSOLUTE
    _printf_x                                0x00000000   Number         0  stubs.o ABSOLUTE
    __cpp_initialize__aeabi_                  - Undefined Weak Reference
    __cxa_finalize                            - Undefined Weak Reference
    _clock_init                               - Undefined Weak Reference
    _microlib_exit                            - Undefined Weak Reference
    __Vectors_Size                           0x000001ac   Number         0  startup_stm32f429_439xx.o ABSOLUTE
    __Vectors                                0x08000000   Data           4  startup_stm32f429_439xx.o(RESET)
    __Vectors_End                            0x080001ac   Data           0  startup_stm32f429_439xx.o(RESET)
    __main                                   0x080001ad   Thumb Code     0  entry.o(.ARM.Collect$$$$00000000)
    _main_stk                                0x080001ad   Thumb Code     0  entry2.o(.ARM.Collect$$$$00000001)
    _main_scatterload                        0x080001b1   Thumb Code     0  entry5.o(.ARM.Collect$$$$00000004)
    __main_after_scatterload                 0x080001b5   Thumb Code     0  entry5.o(.ARM.Collect$$$$00000004)
    _main_clock                              0x080001b5   Thumb Code     0  entry7b.o(.ARM.Collect$$$$00000008)
    _main_cpp_init                           0x080001b5   Thumb Code     0  entry8b.o(.ARM.Collect$$$$0000000A)
    _main_init                               0x080001b5   Thumb Code     0  entry9a.o(.ARM.Collect$$$$0000000B)
    __rt_final_cpp                           0x080001bd   Thumb Code     0  entry10a.o(.ARM.Collect$$$$0000000D)
    __rt_final_exit                          0x080001bd   Thumb Code     0  entry11a.o(.ARM.Collect$$$$0000000F)
    Reset_Handler                            0x080001c1   Thumb Code     8  startup_stm32f429_439xx.o(.text)
    NMI_Handler                              0x080001c9   Thumb Code     2  startup_stm32f429_439xx.o(.text)
    HardFault_Handler                        0x080001cb   Thumb Code     2  startup_stm32f429_439xx.o(.text)
    MemManage_Handler                        0x080001cd   Thumb Code     2  startup_stm32f429_439xx.o(.text)
    BusFault_Handler                         0x080001cf   Thumb Code     2  startup_stm32f429_439xx.o(.text)
    UsageFault_Handler                       0x080001d1   Thumb Code     2  startup_stm32f429_439xx.o(.text)
    SVC_Handler                              0x080001d3   Thumb Code     2  startup_stm32f429_439xx.o(.text)
    DebugMon_Handler                         0x080001d5   Thumb Code     2  startup_stm32f429_439xx.o(.text)
    PendSV_Handler                           0x080001d7   Thumb Code     2  startup_stm32f429_439xx.o(.text)
    SysTick_Handler                          0x080001d9   Thumb Code     2  startup_stm32f429_439xx.o(.text)
    ADC_IRQHandler                           0x080001db   Thumb Code     0  startup_stm32f429_439xx.o(.text)
    CAN1_RX0_IRQHandler                      0x080001db   Thumb Code     0  startup_stm32f429_439xx.o(.text)
    CAN1_RX1_IRQHandler                      0x080001db   Thumb Code     0  startup_stm32f429_439xx.o(.text)
    CAN1_SCE_IRQHandler                      0x080001db   Thumb Code     0  startup_stm32f429_439xx.o(.text)
    CAN1_TX_IRQHandler                       0x080001db   Thumb Code     0  startup_stm32f429_439xx.o(.text)
    CAN2_RX0_IRQHandler                      0x080001db   Thumb Code     0  startup_stm32f429_439xx.o(.text)
    CAN2_RX1_IRQHandler                      0x080001db   Thumb Code     0  startup_stm32f429_439xx.o(.text)
    CAN2_SCE_IRQHandler                      0x080001db   Thumb Code     0  startup_stm32f429_439xx.o(.text)
    CAN2_TX_IRQHandler                       0x080001db   Thumb Code     0  startup_stm32f429_439xx.o(.text)
    CRYP_IRQHandler                          0x080001db   Thumb Code     0  startup_stm32f429_439xx.o(.text)
    DCMI_IRQHandler                          0x080001db   Thumb Code     0  startup_stm32f429_439xx.o(.text)
    DMA1_Stream0_IRQHandler                  0x080001db   Thumb Code     0  startup_stm32f429_439xx.o(.text)
    DMA1_Stream1_IRQHandler                  0x080001db   Thumb Code     0  startup_stm32f429_439xx.o(.text)
    DMA1_Stream2_IRQHandler                  0x080001db   Thumb Code     0  startup_stm32f429_439xx.o(.text)
    DMA1_Stream3_IRQHandler                  0x080001db   Thumb Code     0  startup_stm32f429_439xx.o(.text)
    DMA1_Stream4_IRQHandler                  0x080001db   Thumb Code     0  startup_stm32f429_439xx.o(.text)
    DMA1_Stream5_IRQHandler                  0x080001db   Thumb Code     0  startup_stm32f429_439xx.o(.text)
    DMA1_Stream6_IRQHandler                  0x080001db   Thumb Code     0  startup_stm32f429_439xx.o(.text)
    DMA1_Stream7_IRQHandler                  0x080001db   Thumb Code     0  startup_stm32f429_439xx.o(.text)
    DMA2D_IRQHandler                         0x080001db   Thumb Code     0  startup_stm32f429_439xx.o(.text)
    DMA2_Stream0_IRQHandler                  0x080001db   Thumb Code     0  startup_stm32f429_439xx.o(.text)
    DMA2_Stream1_IRQHandler                  0x080001db   Thumb Code     0  startup_stm32f429_439xx.o(.text)
    DMA2_Stream2_IRQHandler                  0x080001db   Thumb Code     0  startup_stm32f429_439xx.o(.text)
    DMA2_Stream3_IRQHandler                  0x080001db   Thumb Code     0  startup_stm32f429_439xx.o(.text)
    DMA2_Stream4_IRQHandler                  0x080001db   Thumb Code     0  startup_stm32f429_439xx.o(.text)
    DMA2_Stream5_IRQHandler                  0x080001db   Thumb Code     0  startup_stm32f429_439xx.o(.text)
    DMA2_Stream6_IRQHandler                  0x080001db   Thumb Code     0  startup_stm32f429_439xx.o(.text)
    DMA2_Stream7_IRQHandler                  0x080001db   Thumb Code     0  startup_stm32f429_439xx.o(.text)
    ETH_IRQHandler                           0x080001db   Thumb Code     0  startup_stm32f429_439xx.o(.text)
    ETH_WKUP_IRQHandler                      0x080001db   Thumb Code     0  startup_stm32f429_439xx.o(.text)
    EXTI0_IRQHandler                         0x080001db   Thumb Code     0  startup_stm32f429_439xx.o(.text)
    EXTI15_10_IRQHandler                     0x080001db   Thumb Code     0  startup_stm32f429_439xx.o(.text)
    EXTI1_IRQHandler                         0x080001db   Thumb Code     0  startup_stm32f429_439xx.o(.text)
    EXTI2_IRQHandler                         0x080001db   Thumb Code     0  startup_stm32f429_439xx.o(.text)
    EXTI3_IRQHandler                         0x080001db   Thumb Code     0  startup_stm32f429_439xx.o(.text)
    EXTI4_IRQHandler                         0x080001db   Thumb Code     0  startup_stm32f429_439xx.o(.text)
    EXTI9_5_IRQHandler                       0x080001db   Thumb Code     0  startup_stm32f429_439xx.o(.text)
    FLASH_IRQHandler                         0x080001db   Thumb Code     0  startup_stm32f429_439xx.o(.text)
    FMC_IRQHandler                           0x080001db   Thumb Code     0  startup_stm32f429_439xx.o(.text)
    FPU_IRQHandler                           0x080001db   Thumb Code     0  startup_stm32f429_439xx.o(.text)
    HASH_RNG_IRQHandler                      0x080001db   Thumb Code     0  startup_stm32f429_439xx.o(.text)
    I2C1_ER_IRQHandler                       0x080001db   Thumb Code     0  startup_stm32f429_439xx.o(.text)
    I2C1_EV_IRQHandler                       0x080001db   Thumb Code     0  startup_stm32f429_439xx.o(.text)
    I2C2_ER_IRQHandler                       0x080001db   Thumb Code     0  startup_stm32f429_439xx.o(.text)
    I2C2_EV_IRQHandler                       0x080001db   Thumb Code     0  startup_stm32f429_439xx.o(.text)
    I2C3_ER_IRQHandler                       0x080001db   Thumb Code     0  startup_stm32f429_439xx.o(.text)
    I2C3_EV_IRQHandler                       0x080001db   Thumb Code     0  startup_stm32f429_439xx.o(.text)
    LTDC_ER_IRQHandler                       0x080001db   Thumb Code     0  startup_stm32f429_439xx.o(.text)
    LTDC_IRQHandler                          0x080001db   Thumb Code     0  startup_stm32f429_439xx.o(.text)
    OTG_FS_IRQHandler                        0x080001db   Thumb Code     0  startup_stm32f429_439xx.o(.text)
    OTG_FS_WKUP_IRQHandler                   0x080001db   Thumb Code     0  startup_stm32f429_439xx.o(.text)
    OTG_HS_EP1_IN_IRQHandler                 0x080001db   Thumb Code     0  startup_stm32f429_439xx.o(.text)
    OTG_HS_EP1_OUT_IRQHandler                0x080001db   Thumb Code     0  startup_stm32f429_439xx.o(.text)
    OTG_HS_IRQHandler                        0x080001db   Thumb Code     0  startup_stm32f429_439xx.o(.text)
    OTG_HS_WKUP_IRQHandler                   0x080001db   Thumb Code     0  startup_stm32f429_439xx.o(.text)
    PVD_IRQHandler                           0x080001db   Thumb Code     0  startup_stm32f429_439xx.o(.text)
    RCC_IRQHandler                           0x080001db   Thumb Code     0  startup_stm32f429_439xx.o(.text)
    RTC_Alarm_IRQHandler                     0x080001db   Thumb Code     0  startup_stm32f429_439xx.o(.text)
    RTC_WKUP_IRQHandler                      0x080001db   Thumb Code     0  startup_stm32f429_439xx.o(.text)
    SAI1_IRQHandler                          0x080001db   Thumb Code     0  startup_stm32f429_439xx.o(.text)
    SDIO_IRQHandler                          0x080001db   Thumb Code     0  startup_stm32f429_439xx.o(.text)
    SPI1_IRQHandler                          0x080001db   Thumb Code     0  startup_stm32f429_439xx.o(.text)
    SPI2_IRQHandler                          0x080001db   Thumb Code     0  startup_stm32f429_439xx.o(.text)
    SPI3_IRQHandler                          0x080001db   Thumb Code     0  startup_stm32f429_439xx.o(.text)
    SPI4_IRQHandler                          0x080001db   Thumb Code     0  startup_stm32f429_439xx.o(.text)
    SPI5_IRQHandler                          0x080001db   Thumb Code     0  startup_stm32f429_439xx.o(.text)
    SPI6_IRQHandler                          0x080001db   Thumb Code     0  startup_stm32f429_439xx.o(.text)
    TAMP_STAMP_IRQHandler                    0x080001db   Thumb Code     0  startup_stm32f429_439xx.o(.text)
    TIM1_BRK_TIM9_IRQHandler                 0x080001db   Thumb Code     0  startup_stm32f429_439xx.o(.text)
    TIM1_CC_IRQHandler                       0x080001db   Thumb Code     0  startup_stm32f429_439xx.o(.text)
    TIM1_TRG_COM_TIM11_IRQHandler            0x080001db   Thumb Code     0  startup_stm32f429_439xx.o(.text)
    TIM1_UP_TIM10_IRQHandler                 0x080001db   Thumb Code     0  startup_stm32f429_439xx.o(.text)
    TIM3_IRQHandler                          0x080001db   Thumb Code     0  startup_stm32f429_439xx.o(.text)
    TIM4_IRQHandler                          0x080001db   Thumb Code     0  startup_stm32f429_439xx.o(.text)
    TIM5_IRQHandler                          0x080001db   Thumb Code     0  startup_stm32f429_439xx.o(.text)
    TIM6_DAC_IRQHandler                      0x080001db   Thumb Code     0  startup_stm32f429_439xx.o(.text)
    TIM7_IRQHandler                          0x080001db   Thumb Code     0  startup_stm32f429_439xx.o(.text)
    TIM8_BRK_TIM12_IRQHandler                0x080001db   Thumb Code     0  startup_stm32f429_439xx.o(.text)
    TIM8_CC_IRQHandler                       0x080001db   Thumb Code     0  startup_stm32f429_439xx.o(.text)
    TIM8_TRG_COM_TIM14_IRQHandler            0x080001db   Thumb Code     0  startup_stm32f429_439xx.o(.text)
    TIM8_UP_TIM13_IRQHandler                 0x080001db   Thumb Code     0  startup_stm32f429_439xx.o(.text)
    UART4_IRQHandler                         0x080001db   Thumb Code     0  startup_stm32f429_439xx.o(.text)
    UART5_IRQHandler                         0x080001db   Thumb Code     0  startup_stm32f429_439xx.o(.text)
    UART7_IRQHandler                         0x080001db   Thumb Code     0  startup_stm32f429_439xx.o(.text)
    UART8_IRQHandler                         0x080001db   Thumb Code     0  startup_stm32f429_439xx.o(.text)
    USART3_IRQHandler                        0x080001db   Thumb Code     0  startup_stm32f429_439xx.o(.text)
    USART6_IRQHandler                        0x080001db   Thumb Code     0  startup_stm32f429_439xx.o(.text)
    WWDG_IRQHandler                          0x080001db   Thumb Code     0  startup_stm32f429_439xx.o(.text)
    __aeabi_llsl                             0x080001e5   Thumb Code    30  llshl.o(.text)
    _ll_shift_l                              0x080001e5   Thumb Code     0  llshl.o(.text)
    __aeabi_lasr                             0x08000203   Thumb Code    36  llsshr.o(.text)
    _ll_sshift_r                             0x08000203   Thumb Code     0  llsshr.o(.text)
    __aeabi_dadd                             0x08000227   Thumb Code   322  dadd.o(.text)
    __aeabi_dsub                             0x08000369   Thumb Code     6  dadd.o(.text)
    __aeabi_drsub                            0x0800036f   Thumb Code     6  dadd.o(.text)
    __aeabi_dmul                             0x08000375   Thumb Code   228  dmul.o(.text)
    __aeabi_ddiv                             0x08000459   Thumb Code   222  ddiv.o(.text)
    __aeabi_cdrcmple                         0x08000539   Thumb Code    48  cdrcmple.o(.text)
    __aeabi_uidiv                            0x08000569   Thumb Code     0  uidiv.o(.text)
    __aeabi_uidivmod                         0x08000569   Thumb Code    44  uidiv.o(.text)
    __aeabi_uldivmod                         0x08000595   Thumb Code    98  uldiv.o(.text)
    __aeabi_llsr                             0x080005f7   Thumb Code    32  llushr.o(.text)
    _ll_ushift_r                             0x080005f7   Thumb Code     0  llushr.o(.text)
    __I$use$fp                               0x08000617   Thumb Code     0  iusefp.o(.text)
    _double_round                            0x08000617   Thumb Code    30  depilogue.o(.text)
    _double_epilogue                         0x08000635   Thumb Code   156  depilogue.o(.text)
    __aeabi_d2ulz                            0x080006d1   Thumb Code    48  dfixul.o(.text)
    __scatterload                            0x08000701   Thumb Code    28  init.o(.text)
    __scatterload_rt2                        0x08000701   Thumb Code     0  init.o(.text)
    __decompress                             0x08000725   Thumb Code     0  __dczerorl2.o(.text)
    __decompress1                            0x08000725   Thumb Code    86  __dczerorl2.o(.text)
    Encoder_Init_TIM3                        0x0800077d   Thumb Code   164  encode.o(i.Encoder_Init_TIM3)
    Encoder_Init_TIM5                        0x08000829   Thumb Code   166  encode.o(i.Encoder_Init_TIM5)
    GPIO_Init                                0x080008d9   Thumb Code   144  stm32f4xx_gpio.o(i.GPIO_Init)
    GPIO_PinAFConfig                         0x08000969   Thumb Code    70  stm32f4xx_gpio.o(i.GPIO_PinAFConfig)
    GPIO_ReadInputDataBit                    0x080009af   Thumb Code    18  stm32f4xx_gpio.o(i.GPIO_ReadInputDataBit)
    GPIO_ResetBits                           0x080009c1   Thumb Code     4  stm32f4xx_gpio.o(i.GPIO_ResetBits)
    Motin_param_Init                         0x080009c5   Thumb Code    34  motion.o(i.Motin_param_Init)
    Motion_Select                            0x080009ed   Thumb Code   106  motion.o(i.Motion_Select)
    Motion_mutual                            0x08000a65   Thumb Code    84  motion.o(i.Motion_mutual)
    Motion_swith                             0x08000abd   Thumb Code   138  motion.o(i.Motion_swith)
    NVIC_Init                                0x08000b5d   Thumb Code   106  misc.o(i.NVIC_Init)
    NVIC_PriorityGroupConfig                 0x08000bd5   Thumb Code    10  misc.o(i.NVIC_PriorityGroupConfig)
    PID_Calc_Left                            0x08000be9   Thumb Code   152  pid.o(i.PID_Calc_Left)
    PID_Calc_Right                           0x08000c8d   Thumb Code   134  pid.o(i.PID_Calc_Right)
    PID_LocalTurn                            0x08000d1d   Thumb Code   120  pid.o(i.PID_LocalTurn)
    PID_param_init                           0x08000d99   Thumb Code   220  pid.o(i.PID_param_init)
    RCC_AHB1PeriphClockCmd                   0x08000e9d   Thumb Code    26  stm32f4xx_rcc.o(i.RCC_AHB1PeriphClockCmd)
    RCC_APB1PeriphClockCmd                   0x08000ebd   Thumb Code    26  stm32f4xx_rcc.o(i.RCC_APB1PeriphClockCmd)
    RCC_APB1PeriphResetCmd                   0x08000edd   Thumb Code    26  stm32f4xx_rcc.o(i.RCC_APB1PeriphResetCmd)
    RCC_APB2PeriphClockCmd                   0x08000efd   Thumb Code    26  stm32f4xx_rcc.o(i.RCC_APB2PeriphClockCmd)
    RCC_APB2PeriphResetCmd                   0x08000f1d   Thumb Code    26  stm32f4xx_rcc.o(i.RCC_APB2PeriphResetCmd)
    RCC_GetClocksFreq                        0x08000f3d   Thumb Code   214  stm32f4xx_rcc.o(i.RCC_GetClocksFreq)
    Read_Encoder                             0x08001025   Thumb Code    92  encode.o(i.Read_Encoder)
    Run_motion                               0x08001089   Thumb Code   342  motion.o(i.Run_motion)
    SystemInit                               0x08001339   Thumb Code    88  system_stm32f4xx.o(i.SystemInit)
    TIM2_IRQHandler                          0x080014c5   Thumb Code    28  encode.o(i.TIM2_IRQHandler)
    TIM_ClearFlag                            0x080014e5   Thumb Code     6  stm32f4xx_tim.o(i.TIM_ClearFlag)
    TIM_ClearITPendingBit                    0x080014eb   Thumb Code     6  stm32f4xx_tim.o(i.TIM_ClearITPendingBit)
    TIM_Cmd                                  0x080014f1   Thumb Code    24  stm32f4xx_tim.o(i.TIM_Cmd)
    TIM_Config                               0x08001509   Thumb Code   218  motor.o(i.TIM_Config)
    TIM_DeInit                               0x080015f5   Thumb Code   346  stm32f4xx_tim.o(i.TIM_DeInit)
    TIM_EncoderInterfaceConfig               0x08001785   Thumb Code    66  stm32f4xx_tim.o(i.TIM_EncoderInterfaceConfig)
    TIM_GetCounter                           0x080017c7   Thumb Code     6  stm32f4xx_tim.o(i.TIM_GetCounter)
    TIM_GetFlagStatus                        0x080017cd   Thumb Code    18  stm32f4xx_tim.o(i.TIM_GetFlagStatus)
    TIM_ICInit                               0x080017df   Thumb Code   110  stm32f4xx_tim.o(i.TIM_ICInit)
    TIM_ICStructInit                         0x0800184d   Thumb Code    18  stm32f4xx_tim.o(i.TIM_ICStructInit)
    TIM_ITConfig                             0x0800185f   Thumb Code    18  stm32f4xx_tim.o(i.TIM_ITConfig)
    TIM_OC2Init                              0x08001871   Thumb Code   154  stm32f4xx_tim.o(i.TIM_OC2Init)
    TIM_OC3Init                              0x08001915   Thumb Code   150  stm32f4xx_tim.o(i.TIM_OC3Init)
    TIM_SetCounter                           0x080019b5   Thumb Code     4  stm32f4xx_tim.o(i.TIM_SetCounter)
    TIM_SetIC1Prescaler                      0x080019b9   Thumb Code    18  stm32f4xx_tim.o(i.TIM_SetIC1Prescaler)
    TIM_SetIC2Prescaler                      0x080019cb   Thumb Code    26  stm32f4xx_tim.o(i.TIM_SetIC2Prescaler)
    TIM_SetIC3Prescaler                      0x080019e5   Thumb Code    18  stm32f4xx_tim.o(i.TIM_SetIC3Prescaler)
    TIM_SetIC4Prescaler                      0x080019f7   Thumb Code    26  stm32f4xx_tim.o(i.TIM_SetIC4Prescaler)
    TIM_TimeBaseInit                         0x08001a11   Thumb Code   104  stm32f4xx_tim.o(i.TIM_TimeBaseInit)
    TIM_TimeBaseStructInit                   0x08001a95   Thumb Code    18  stm32f4xx_tim.o(i.TIM_TimeBaseStructInit)
    Test_Send_User                           0x08001aa9   Thumb Code   364  ano.o(i.Test_Send_User)
    Turn_Judge                               0x08001c19   Thumb Code    62  motion.o(i.Turn_Judge)
    Turnleft_motion                          0x08001c5d   Thumb Code   206  motion.o(i.Turnleft_motion)
    Turnright_motion                         0x08001d49   Thumb Code   214  motion.o(i.Turnright_motion)
    UART1_SendByte1                          0x08001e3d   Thumb Code    28  ano.o(i.UART1_SendByte1)
    UART1_Transmit                           0x08001e5d   Thumb Code    26  ano.o(i.UART1_Transmit)
    USART1_IRQHandler                        0x08001e79   Thumb Code    58  ursat.o(i.USART1_IRQHandler)
    USART2_IRQHandler                        0x08001eb9   Thumb Code    70  main.o(i.USART2_IRQHandler)
    USART_ClearFlag                          0x08001f11   Thumb Code    18  stm32f4xx_usart.o(i.USART_ClearFlag)
    USART_ClearITPendingBit                  0x08001f23   Thumb Code    30  stm32f4xx_usart.o(i.USART_ClearITPendingBit)
    USART_Cmd                                0x08001f41   Thumb Code    24  stm32f4xx_usart.o(i.USART_Cmd)
    USART_GetFlagStatus                      0x08001f59   Thumb Code    26  stm32f4xx_usart.o(i.USART_GetFlagStatus)
    USART_GetITStatus                        0x08001f73   Thumb Code    84  stm32f4xx_usart.o(i.USART_GetITStatus)
    USART_ITConfig                           0x08001fc7   Thumb Code    74  stm32f4xx_usart.o(i.USART_ITConfig)
    USART_Init                               0x08002011   Thumb Code   204  stm32f4xx_usart.o(i.USART_Init)
    USART_ReceiveData                        0x080020e5   Thumb Code    10  stm32f4xx_usart.o(i.USART_ReceiveData)
    USART_SendData                           0x080020ef   Thumb Code     8  stm32f4xx_usart.o(i.USART_SendData)
    __0printf                                0x080020f9   Thumb Code    22  printfa.o(i.__0printf)
    __1printf                                0x080020f9   Thumb Code     0  printfa.o(i.__0printf)
    __2printf                                0x080020f9   Thumb Code     0  printfa.o(i.__0printf)
    __c89printf                              0x080020f9   Thumb Code     0  printfa.o(i.__0printf)
    printf                                   0x080020f9   Thumb Code     0  printfa.o(i.__0printf)
    __scatterload_copy                       0x08002119   Thumb Code    14  handlers.o(i.__scatterload_copy)
    __scatterload_null                       0x08002127   Thumb Code     2  handlers.o(i.__scatterload_null)
    __scatterload_zeroinit                   0x08002129   Thumb Code    14  handlers.o(i.__scatterload_zeroinit)
    ble_config_set                           0x080029ed   Thumb Code    46  hc05.o(i.ble_config_set)
    delay_ms                                 0x08002a45   Thumb Code    54  delay.o(i.delay_ms)
    encoder_Init                             0x08002a81   Thumb Code    12  encode.o(i.encoder_Init)
    fputc                                    0x08002a8d   Thumb Code    32  ursat.o(i.fputc)
    hongwai_Init                             0x08002ab1   Thumb Code    48  hongwai.o(i.hongwai_Init)
    main                                     0x08002ae5   Thumb Code   194  main.o(i.main)
    search                                   0x08002bd1   Thumb Code    86  hongwai.o(i.search)
    tim2_Init                                0x08002c2d   Thumb Code   108  encode.o(i.tim2_Init)
    urast1_init                              0x08002c99   Thumb Code   166  ursat.o(i.urast1_init)
    urast2_init                              0x08002d49   Thumb Code   166  hc05.o(i.urast2_init)
    usart2_send                              0x08002df9   Thumb Code    50  hc05.o(i.usart2_send)
    Region$$Table$$Base                      0x08002e30   Number         0  anon$$obj.o(Region$$Table)
    Region$$Table$$Limit                     0x08002e50   Number         0  anon$$obj.o(Region$$Table)
    BMP1                                     0x20000000   Data        1024  main.o(.data)
    d                                        0x20000400   Data           2  main.o(.data)
    model                                    0x20000402   Data           2  main.o(.data)
    flag                                     0x20000404   Data           4  main.o(.data)
    __stdout                                 0x20000408   Data           4  ursat.o(.data)
    __stdin                                  0x2000040c   Data           4  ursat.o(.data)
    num                                      0x20000410   Data           4  pid.o(.data)
    Encoder_L                                0x20000414   Data           4  motion.o(.data)
    Encoder_R                                0x20000418   Data           4  motion.o(.data)
    speed_L                                  0x2000041c   Data           4  motion.o(.data)
    speed_R                                  0x20000420   Data           4  motion.o(.data)
    para_local                               0x20000424   Data           4  motion.o(.data)
    para_L                                   0x20000428   Data           4  motion.o(.data)
    para_R                                   0x2000042c   Data           4  motion.o(.data)
    PWM_L                                    0x20000430   Data           4  motion.o(.data)
    PWM_R                                    0x20000434   Data           4  motion.o(.data)
    sign_turn                                0x20000438   Data           4  motion.o(.data)
    turn                                     0x2000043c   Data           4  motion.o(.data)
    sumr                                     0x20000440   Data           4  motion.o(.data)
    testdatatosend                           0x20000474   Data          50  ano.o(.bss)
    pid_right                                0x200004a8   Data          32  pid.o(.bss)
    pid_left                                 0x200004c8   Data          32  pid.o(.bss)
    pid_local                                0x200004e8   Data          32  pid.o(.bss)
    pid_localright                           0x20000508   Data          32  pid.o(.bss)
    pid_localleft                            0x20000528   Data          32  pid.o(.bss)
    motion_sign                              0x20000548   Data          44  motion.o(.bss)
    __initial_sp                             0x20000978   Data           0  startup_stm32f429_439xx.o(STACK)



==============================================================================

Memory Map of the image

  Image Entry point : 0x080001ad

  Load Region LR_IROM1 (Base: 0x08000000, Size: 0x000032a4, Max: 0x00100000, ABSOLUTE, COMPRESSED[0x00002f44])

    Execution Region ER_IROM1 (Exec base: 0x08000000, Load base: 0x08000000, Size: 0x00002e50, Max: 0x00100000, ABSOLUTE)

    Exec Addr    Load Addr    Size         Type   Attr      Idx    E Section Name        Object

    0x08000000   0x08000000   0x000001ac   Data   RO         4569    RESET               startup_stm32f429_439xx.o
    0x080001ac   0x080001ac   0x00000000   Code   RO         5055  * .ARM.Collect$$$$00000000  mc_w.l(entry.o)
    0x080001ac   0x080001ac   0x00000004   Code   RO         5411    .ARM.Collect$$$$00000001  mc_w.l(entry2.o)
    0x080001b0   0x080001b0   0x00000004   Code   RO         5414    .ARM.Collect$$$$00000004  mc_w.l(entry5.o)
    0x080001b4   0x080001b4   0x00000000   Code   RO         5416    .ARM.Collect$$$$00000008  mc_w.l(entry7b.o)
    0x080001b4   0x080001b4   0x00000000   Code   RO         5418    .ARM.Collect$$$$0000000A  mc_w.l(entry8b.o)
    0x080001b4   0x080001b4   0x00000008   Code   RO         5419    .ARM.Collect$$$$0000000B  mc_w.l(entry9a.o)
    0x080001bc   0x080001bc   0x00000000   Code   RO         5421    .ARM.Collect$$$$0000000D  mc_w.l(entry10a.o)
    0x080001bc   0x080001bc   0x00000000   Code   RO         5423    .ARM.Collect$$$$0000000F  mc_w.l(entry11a.o)
    0x080001bc   0x080001bc   0x00000004   Code   RO         5412    .ARM.Collect$$$$00002712  mc_w.l(entry2.o)
    0x080001c0   0x080001c0   0x00000024   Code   RO         4570    .text               startup_stm32f429_439xx.o
    0x080001e4   0x080001e4   0x0000001e   Code   RO         5060    .text               mc_w.l(llshl.o)
    0x08000202   0x08000202   0x00000024   Code   RO         5062    .text               mc_w.l(llsshr.o)
    0x08000226   0x08000226   0x0000014e   Code   RO         5337    .text               mf_w.l(dadd.o)
    0x08000374   0x08000374   0x000000e4   Code   RO         5339    .text               mf_w.l(dmul.o)
    0x08000458   0x08000458   0x000000de   Code   RO         5341    .text               mf_w.l(ddiv.o)
    0x08000536   0x08000536   0x00000002   PAD
    0x08000538   0x08000538   0x00000030   Code   RO         5355    .text               mf_w.l(cdrcmple.o)
    0x08000568   0x08000568   0x0000002c   Code   RO         5425    .text               mc_w.l(uidiv.o)
    0x08000594   0x08000594   0x00000062   Code   RO         5427    .text               mc_w.l(uldiv.o)
    0x080005f6   0x080005f6   0x00000020   Code   RO         5429    .text               mc_w.l(llushr.o)
    0x08000616   0x08000616   0x00000000   Code   RO         5438    .text               mc_w.l(iusefp.o)
    0x08000616   0x08000616   0x000000ba   Code   RO         5441    .text               mf_w.l(depilogue.o)
    0x080006d0   0x080006d0   0x00000030   Code   RO         5449    .text               mf_w.l(dfixul.o)
    0x08000700   0x08000700   0x00000024   Code   RO         5451    .text               mc_w.l(init.o)
    0x08000724   0x08000724   0x00000056   Code   RO         5463    .text               mc_w.l(__dczerorl2.o)
    0x0800077a   0x0800077a   0x00000002   PAD
    0x0800077c   0x0800077c   0x000000ac   Code   RO          831    i.Encoder_Init_TIM3  encode.o
    0x08000828   0x08000828   0x000000b0   Code   RO          832    i.Encoder_Init_TIM5  encode.o
    0x080008d8   0x080008d8   0x00000090   Code   RO         3319    i.GPIO_Init         stm32f4xx_gpio.o
    0x08000968   0x08000968   0x00000046   Code   RO         3320    i.GPIO_PinAFConfig  stm32f4xx_gpio.o
    0x080009ae   0x080009ae   0x00000012   Code   RO         3323    i.GPIO_ReadInputDataBit  stm32f4xx_gpio.o
    0x080009c0   0x080009c0   0x00000004   Code   RO         3326    i.GPIO_ResetBits    stm32f4xx_gpio.o
    0x080009c4   0x080009c4   0x00000028   Code   RO          989    i.Motin_param_Init  motion.o
    0x080009ec   0x080009ec   0x00000078   Code   RO          990    i.Motion_Select     motion.o
    0x08000a64   0x08000a64   0x00000058   Code   RO          991    i.Motion_mutual     motion.o
    0x08000abc   0x08000abc   0x000000a0   Code   RO          992    i.Motion_swith      motion.o
    0x08000b5c   0x08000b5c   0x00000078   Code   RO         3204    i.NVIC_Init         misc.o
    0x08000bd4   0x08000bd4   0x00000014   Code   RO         3205    i.NVIC_PriorityGroupConfig  misc.o
    0x08000be8   0x08000be8   0x000000a4   Code   RO          931    i.PID_Calc_Left     pid.o
    0x08000c8c   0x08000c8c   0x00000090   Code   RO          932    i.PID_Calc_Right    pid.o
    0x08000d1c   0x08000d1c   0x0000007c   Code   RO          933    i.PID_LocalTurn     pid.o
    0x08000d98   0x08000d98   0x00000104   Code   RO          935    i.PID_param_init    pid.o
    0x08000e9c   0x08000e9c   0x00000020   Code   RO         3420    i.RCC_AHB1PeriphClockCmd  stm32f4xx_rcc.o
    0x08000ebc   0x08000ebc   0x00000020   Code   RO         3429    i.RCC_APB1PeriphClockCmd  stm32f4xx_rcc.o
    0x08000edc   0x08000edc   0x00000020   Code   RO         3431    i.RCC_APB1PeriphResetCmd  stm32f4xx_rcc.o
    0x08000efc   0x08000efc   0x00000020   Code   RO         3432    i.RCC_APB2PeriphClockCmd  stm32f4xx_rcc.o
    0x08000f1c   0x08000f1c   0x00000020   Code   RO         3434    i.RCC_APB2PeriphResetCmd  stm32f4xx_rcc.o
    0x08000f3c   0x08000f3c   0x000000e8   Code   RO         3441    i.RCC_GetClocksFreq  stm32f4xx_rcc.o
    0x08001024   0x08001024   0x00000064   Code   RO          833    i.Read_Encoder      encode.o
    0x08001088   0x08001088   0x00000190   Code   RO          993    i.Run_motion        motion.o
    0x08001218   0x08001218   0x00000120   Code   RO         4577    i.SetSysClock       system_stm32f4xx.o
    0x08001338   0x08001338   0x00000068   Code   RO         4579    i.SystemInit        system_stm32f4xx.o
    0x080013a0   0x080013a0   0x0000003a   Code   RO         3812    i.TI1_Config        stm32f4xx_tim.o
    0x080013da   0x080013da   0x00000050   Code   RO         3813    i.TI2_Config        stm32f4xx_tim.o
    0x0800142a   0x0800142a   0x00000048   Code   RO         3814    i.TI3_Config        stm32f4xx_tim.o
    0x08001472   0x08001472   0x00000050   Code   RO         3815    i.TI4_Config        stm32f4xx_tim.o
    0x080014c2   0x080014c2   0x00000002   PAD
    0x080014c4   0x080014c4   0x00000020   Code   RO          834    i.TIM2_IRQHandler   encode.o
    0x080014e4   0x080014e4   0x00000006   Code   RO         3822    i.TIM_ClearFlag     stm32f4xx_tim.o
    0x080014ea   0x080014ea   0x00000006   Code   RO         3823    i.TIM_ClearITPendingBit  stm32f4xx_tim.o
    0x080014f0   0x080014f0   0x00000018   Code   RO         3828    i.TIM_Cmd           stm32f4xx_tim.o
    0x08001508   0x08001508   0x000000ec   Code   RO          320    i.TIM_Config        motor.o
    0x080015f4   0x080015f4   0x00000190   Code   RO         3833    i.TIM_DeInit        stm32f4xx_tim.o
    0x08001784   0x08001784   0x00000042   Code   RO         3837    i.TIM_EncoderInterfaceConfig  stm32f4xx_tim.o
    0x080017c6   0x080017c6   0x00000006   Code   RO         3847    i.TIM_GetCounter    stm32f4xx_tim.o
    0x080017cc   0x080017cc   0x00000012   Code   RO         3848    i.TIM_GetFlagStatus  stm32f4xx_tim.o
    0x080017de   0x080017de   0x0000006e   Code   RO         3851    i.TIM_ICInit        stm32f4xx_tim.o
    0x0800184c   0x0800184c   0x00000012   Code   RO         3852    i.TIM_ICStructInit  stm32f4xx_tim.o
    0x0800185e   0x0800185e   0x00000012   Code   RO         3853    i.TIM_ITConfig      stm32f4xx_tim.o
    0x08001870   0x08001870   0x000000a4   Code   RO         3862    i.TIM_OC2Init       stm32f4xx_tim.o
    0x08001914   0x08001914   0x000000a0   Code   RO         3867    i.TIM_OC3Init       stm32f4xx_tim.o
    0x080019b4   0x080019b4   0x00000004   Code   RO         3894    i.TIM_SetCounter    stm32f4xx_tim.o
    0x080019b8   0x080019b8   0x00000012   Code   RO         3895    i.TIM_SetIC1Prescaler  stm32f4xx_tim.o
    0x080019ca   0x080019ca   0x0000001a   Code   RO         3896    i.TIM_SetIC2Prescaler  stm32f4xx_tim.o
    0x080019e4   0x080019e4   0x00000012   Code   RO         3897    i.TIM_SetIC3Prescaler  stm32f4xx_tim.o
    0x080019f6   0x080019f6   0x0000001a   Code   RO         3898    i.TIM_SetIC4Prescaler  stm32f4xx_tim.o
    0x08001a10   0x08001a10   0x00000084   Code   RO         3900    i.TIM_TimeBaseInit  stm32f4xx_tim.o
    0x08001a94   0x08001a94   0x00000012   Code   RO         3901    i.TIM_TimeBaseStructInit  stm32f4xx_tim.o
    0x08001aa6   0x08001aa6   0x00000002   PAD
    0x08001aa8   0x08001aa8   0x00000170   Code   RO          889    i.Test_Send_User    ano.o
    0x08001c18   0x08001c18   0x00000044   Code   RO          995    i.Turn_Judge        motion.o
    0x08001c5c   0x08001c5c   0x000000ec   Code   RO          996    i.Turnleft_motion   motion.o
    0x08001d48   0x08001d48   0x000000f4   Code   RO          997    i.Turnright_motion  motion.o
    0x08001e3c   0x08001e3c   0x00000020   Code   RO          890    i.UART1_SendByte1   ano.o
    0x08001e5c   0x08001e5c   0x0000001a   Code   RO          891    i.UART1_Transmit    ano.o
    0x08001e76   0x08001e76   0x00000002   PAD
    0x08001e78   0x08001e78   0x00000040   Code   RO          194    i.USART1_IRQHandler  ursat.o
    0x08001eb8   0x08001eb8   0x00000058   Code   RO            4    i.USART2_IRQHandler  main.o
    0x08001f10   0x08001f10   0x00000012   Code   RO         4378    i.USART_ClearFlag   stm32f4xx_usart.o
    0x08001f22   0x08001f22   0x0000001e   Code   RO         4379    i.USART_ClearITPendingBit  stm32f4xx_usart.o
    0x08001f40   0x08001f40   0x00000018   Code   RO         4382    i.USART_Cmd         stm32f4xx_usart.o
    0x08001f58   0x08001f58   0x0000001a   Code   RO         4385    i.USART_GetFlagStatus  stm32f4xx_usart.o
    0x08001f72   0x08001f72   0x00000054   Code   RO         4386    i.USART_GetITStatus  stm32f4xx_usart.o
    0x08001fc6   0x08001fc6   0x0000004a   Code   RO         4388    i.USART_ITConfig    stm32f4xx_usart.o
    0x08002010   0x08002010   0x000000d4   Code   RO         4389    i.USART_Init        stm32f4xx_usart.o
    0x080020e4   0x080020e4   0x0000000a   Code   RO         4396    i.USART_ReceiveData  stm32f4xx_usart.o
    0x080020ee   0x080020ee   0x00000008   Code   RO         4399    i.USART_SendData    stm32f4xx_usart.o
    0x080020f6   0x080020f6   0x00000002   PAD
    0x080020f8   0x080020f8   0x00000020   Code   RO         5309    i.__0printf         mc_w.l(printfa.o)
    0x08002118   0x08002118   0x0000000e   Code   RO         5457    i.__scatterload_copy  mc_w.l(handlers.o)
    0x08002126   0x08002126   0x00000002   Code   RO         5458    i.__scatterload_null  mc_w.l(handlers.o)
    0x08002128   0x08002128   0x0000000e   Code   RO         5459    i.__scatterload_zeroinit  mc_w.l(handlers.o)
    0x08002136   0x08002136   0x00000002   PAD
    0x08002138   0x08002138   0x00000184   Code   RO         5316    i._fp_digits        mc_w.l(printfa.o)
    0x080022bc   0x080022bc   0x000006dc   Code   RO         5317    i._printf_core      mc_w.l(printfa.o)
    0x08002998   0x08002998   0x00000024   Code   RO         5318    i._printf_post_padding  mc_w.l(printfa.o)
    0x080029bc   0x080029bc   0x0000002e   Code   RO         5319    i._printf_pre_padding  mc_w.l(printfa.o)
    0x080029ea   0x080029ea   0x00000002   PAD
    0x080029ec   0x080029ec   0x00000058   Code   RO          273    i.ble_config_set    hc05.o
    0x08002a44   0x08002a44   0x0000003c   Code   RO          143    i.delay_ms          delay.o
    0x08002a80   0x08002a80   0x0000000c   Code   RO          835    i.encoder_Init      encode.o
    0x08002a8c   0x08002a8c   0x00000024   Code   RO          196    i.fputc             ursat.o
    0x08002ab0   0x08002ab0   0x00000034   Code   RO          800    i.hongwai_Init      hongwai.o
    0x08002ae4   0x08002ae4   0x000000ec   Code   RO            5    i.main              main.o
    0x08002bd0   0x08002bd0   0x0000005c   Code   RO          801    i.search            hongwai.o
    0x08002c2c   0x08002c2c   0x0000006c   Code   RO          836    i.tim2_Init         encode.o
    0x08002c98   0x08002c98   0x000000b0   Code   RO          197    i.urast1_init       ursat.o
    0x08002d48   0x08002d48   0x000000b0   Code   RO          274    i.urast2_init       hc05.o
    0x08002df8   0x08002df8   0x00000038   Code   RO          275    i.usart2_send       hc05.o
    0x08002e30   0x08002e30   0x00000020   Data   RO         5455    Region$$Table       anon$$obj.o


    Execution Region RW_IRAM2 (Exec base: 0x10000000, Load base: 0x08002f44, Size: 0x00000000, Max: 0x00010000, ABSOLUTE)

    **** No section assigned to this execution region ****


    Execution Region RW_IRAM1 (Exec base: 0x20000000, Load base: 0x08002e50, Size: 0x00000978, Max: 0x00030000, ABSOLUTE, COMPRESSED[0x000000f4])

    Exec Addr    Load Addr    Size         Type   Attr      Idx    E Section Name        Object

    0x20000000   COMPRESSED   0x00000408   Data   RW            6    .data               main.o
    0x20000408   COMPRESSED   0x00000008   Data   RW          198    .data               ursat.o
    0x20000410   COMPRESSED   0x00000004   Data   RW          938    .data               pid.o
    0x20000414   COMPRESSED   0x00000030   Data   RW          999    .data               motion.o
    0x20000444   COMPRESSED   0x00000010   Data   RW         3472    .data               stm32f4xx_rcc.o
    0x20000454        -       0x00000020   Zero   RW          324    .bss                motor.o
    0x20000474        -       0x00000032   Zero   RW          892    .bss                ano.o
    0x200004a6   COMPRESSED   0x00000002   PAD
    0x200004a8        -       0x000000a0   Zero   RW          937    .bss                pid.o
    0x20000548        -       0x0000002c   Zero   RW          998    .bss                motion.o
    0x20000574   COMPRESSED   0x00000004   PAD
    0x20000578        -       0x00000400   Zero   RW         4567    STACK               startup_stm32f429_439xx.o


==============================================================================

Image component sizes


      Code (inc. data)   RO Data    RW Data    ZI Data      Debug   Object Name

       426          8          0          0         50       2825   ano.o
        60          6          0          0          0        515   delay.o
       600         30          0          0          0       3668   encode.o
       320         58          0          0          0       1821   hc05.o
       144         10          0          0          0       1462   hongwai.o
       324         60          0       1032          0     308603   main.o
       140         24          0          0          0       1771   misc.o
      1356        170          0         48         44       6170   motion.o
       236         18          0          0         32        873   motor.o
       692         66          0          4        160       3234   pid.o
        36          8        428          0       1024        892   startup_stm32f429_439xx.o
       236          0          0          0          0       3324   stm32f4xx_gpio.o
       392         48          0         16          0       6269   stm32f4xx_rcc.o
      1528        102          0          0          0      16797   stm32f4xx_tim.o
       486          8          0          0          0       7353   stm32f4xx_usart.o
       392         32          0          0          0       1757   system_stm32f4xx.o
       276         20          0          8          0       3692   ursat.o

    ----------------------------------------------------------------------
      7652        668        460       1108       1316     371026   Object Totals
         0          0         32          0          0          0   (incl. Generated)
         8          0          0          0          6          0   (incl. Padding)

    ----------------------------------------------------------------------

      Code (inc. data)   RO Data    RW Data    ZI Data      Debug   Library Member Name

        86          0          0          0          0          0   __dczerorl2.o
         0          0          0          0          0          0   entry.o
         0          0          0          0          0          0   entry10a.o
         0          0          0          0          0          0   entry11a.o
         8          4          0          0          0          0   entry2.o
         4          0          0          0          0          0   entry5.o
         0          0          0          0          0          0   entry7b.o
         0          0          0          0          0          0   entry8b.o
         8          4          0          0          0          0   entry9a.o
        30          0          0          0          0          0   handlers.o
        36          8          0          0          0         68   init.o
         0          0          0          0          0          0   iusefp.o
        30          0          0          0          0         68   llshl.o
        36          0          0          0          0         68   llsshr.o
        32          0          0          0          0         68   llushr.o
      2258         90          0          0          0        452   printfa.o
        44          0          0          0          0         80   uidiv.o
        98          0          0          0          0         92   uldiv.o
        48          0          0          0          0         68   cdrcmple.o
       334          0          0          0          0        148   dadd.o
       222          0          0          0          0        100   ddiv.o
       186          0          0          0          0        176   depilogue.o
        48          0          0          0          0         68   dfixul.o
       228          0          0          0          0         96   dmul.o

    ----------------------------------------------------------------------
      3744        106          0          0          0       1552   Library Totals
         8          0          0          0          0          0   (incl. Padding)

    ----------------------------------------------------------------------

      Code (inc. data)   RO Data    RW Data    ZI Data      Debug   Library Name

      2670        106          0          0          0        896   mc_w.l
      1066          0          0          0          0        656   mf_w.l

    ----------------------------------------------------------------------
      3744        106          0          0          0       1552   Library Totals

    ----------------------------------------------------------------------

==============================================================================


      Code (inc. data)   RO Data    RW Data    ZI Data      Debug   

     11396        774        460       1108       1316     364982   Grand Totals
     11396        774        460        244       1316     364982   ELF Image Totals (compressed)
     11396        774        460        244          0          0   ROM Totals

==============================================================================

    Total RO  Size (Code + RO Data)                11856 (  11.58kB)
    Total RW  Size (RW Data + ZI Data)              2424 (   2.37kB)
    Total ROM Size (Code + RO Data + RW Data)      12100 (  11.82kB)

==============================================================================

