<html>
<body>
<pre>
<h1>µVision Build Log</h1>
<h2>Tool Versions:</h2>
IDE-Version: ¦ÌVision V5.24.2.0
Copyright (C) 2017 ARM Ltd and ARM Germany GmbH. All rights reserved.
License Information: a Administrator, a, LIC=ZB4EI-TBK28-DY6V3-AUTFM-UNX0D-GTAKE
 
Tool Versions:
Toolchain:       MDK-ARM Plus  Version: 5.24.1
Toolchain Path:  D:\keil5\ARM\ARMCC\Bin
C Compiler:      Armcc.exe V5.06 update 5 (build 528)
Assembler:       Armasm.exe V5.06 update 5 (build 528)
Linker/Locator:  ArmLink.exe V5.06 update 5 (build 528)
Library Manager: ArmAr.exe V5.06 update 5 (build 528)
Hex Converter:   FromElf.exe V5.06 update 5 (build 528)
CPU DLL:         SARMCM3.DLL V5.24.1
Dialog DLL:      DCM.DLL V1.16.0.0
Target DLL:      STLink\ST-LINKIII-KEIL_SWO.dll V3.0.1.0
Dialog DLL:      TCM.DLL V1.32.0.0
 
<h2>Project:</h2>
C:\Users\Administrator\Desktop\STM32\PID\study1 -PID -encode - smodel - atuo\gujianku.uvprojx
Project File Date:  05/04/2023

<h2>Output:</h2>
*** Using Compiler 'V5.06 update 5 (build 528)', folder: 'D:\keil5\ARM\ARMCC\Bin'
Build target 'Target 1'
compiling hongwai.c...
compiling pid.c...
compiling main.c...
main.c(79): warning:  #177-D: variable "a"  was declared but never referenced
  uint8_t a,b,c,d,e,f;
main.c(79): warning:  #177-D: variable "b"  was declared but never referenced
  uint8_t a,b,c,d,e,f;
main.c(79): warning:  #550-D: variable "c"  was set but never used
  uint8_t a,b,c,d,e,f;
main.c(79): warning:  #550-D: variable "d"  was set but never used
  uint8_t a,b,c,d,e,f;
main.c: 4 warnings, 0 errors
compiling encode.c...
compiling motion.c...
linking...
Program Size: Code=11396 RO-data=460 RW-data=1108 ZI-data=1316  
".\Objects\gujianku.axf" - 0 Error(s), 4 Warning(s).

<h2>Software Packages used:</h2>

Package Vendor: ARM
                http://www.keil.com/pack/ARM.CMSIS.5.0.1.pack
                ARM.CMSIS.5.0.1
                CMSIS (Cortex Microcontroller Software Interface Standard)
   * Component: CORE Version: 5.0.1

Package Vendor: Keil
                http://www.keil.com/pack/Keil.STM32F4xx_DFP.1.0.8.pack
                Keil.STM32F4xx_DFP.1.0.8
                STMicroelectronics STM32F4 Series Device Support, Drivers and Examples
   * Component: USART Version: 1.3.0
   * Component: TIM Version: 1.3.0
   * Component: SYSCFG Version: 1.3.0
   * Component: RCC Version: 1.3.0
   * Component: GPIO Version: 1.3.0
   * Component: Framework Version: 1.3.1
   * Component: EXTI Version: 1.3.0
   * Component: Startup Version: 1.3.1

<h2>Collection of Component include folders:</h2>
  .\RTE\Device\STM32F429IG
  .\RTE\_Target_1
  D:\keil5\ARM\PACK\ARM\CMSIS\5.0.1\CMSIS\Include
  D:\keil5\ARM\PACK\Keil\STM32F4xx_DFP\1.0.8\Device\Include
  D:\keil5\ARM\PACK\Keil\STM32F4xx_DFP\1.0.8\Device\StdPeriph_Driver\inc

<h2>Collection of Component Files used:</h2>

   * Component: Keil::Device:StdPeriph Drivers:USART:1.3.0
      Source file:   Device\StdPeriph_Driver\src\stm32f4xx_usart.c
      Include file:  Device\StdPeriph_Driver\inc\stm32f4xx_usart.h

   * Component: Keil::Device:StdPeriph Drivers:TIM:1.3.0
      Include file:  Device\StdPeriph_Driver\inc\stm32f4xx_tim.h
      Source file:   Device\StdPeriph_Driver\src\stm32f4xx_tim.c

   * Component: Keil::Device:StdPeriph Drivers:SYSCFG:1.3.0
      Include file:  Device\StdPeriph_Driver\inc\stm32f4xx_syscfg.h
      Source file:   Device\StdPeriph_Driver\src\stm32f4xx_syscfg.c

   * Component: Keil::Device:StdPeriph Drivers:RCC:1.3.0
      Source file:   Device\StdPeriph_Driver\src\stm32f4xx_rcc.c
      Include file:  Device\StdPeriph_Driver\inc\stm32f4xx_rcc.h

   * Component: Keil::Device:StdPeriph Drivers:GPIO:1.3.0
      Include file:  Device\StdPeriph_Driver\inc\stm32f4xx_gpio.h
      Source file:   Device\StdPeriph_Driver\src\stm32f4xx_gpio.c

   * Component: Keil::Device:StdPeriph Drivers:Framework:1.3.1
      Source file:   Device\StdPeriph_Driver\templates\stm32f4xx_it.c
      Source file:   Device\StdPeriph_Driver\templates\stm32f4xx_conf.h
      Include file:  Device\StdPeriph_Driver\templates\stm32f4xx_it.h
      Source file:   Device\StdPeriph_Driver\src\misc.c

   * Component: Keil::Device:StdPeriph Drivers:EXTI:1.3.0
      Include file:  Device\StdPeriph_Driver\inc\stm32f4xx_exti.h
      Source file:   Device\StdPeriph_Driver\src\stm32f4xx_exti.c

   * Component: Keil::Device:Startup:1.3.1
      Source file:   Device\Source\ARM\STM32F4xx_OTP.s
      Source file:   Device\Source\ARM\STM32F42xxx_43xxx_OPT.s
      Include file:  Device\Include\stm32f4xx.h
      Source file:   Device\Source\system_stm32f4xx.c
      Include file:  RTE_Driver\Config\RTE_Device.h
      Source file:   Device\Source\ARM\startup_stm32f429_439xx.s

   * Component: ARM::CMSIS:CORE:5.0.1
Build Time Elapsed:  00:00:10
</pre>
</body>
</html>
